Глава 1. Командная оболочка

[311u12@311U12 ~]$ jkl;lkj;l
bash: jkl: команда не найдена
bash: lkj: команда не найдена
bash: l: команда не найдена
[311u12@311U12 ~]$

[311u12@311U12 ~]$ date
Чт янв 30 09:51:29 +07 2025

[311u12@311U12 ~]$ cal
Январь 2025    
Пн Вт Ср Чт Пт Сб Вс
1  2  3  4  5
6  7  8  9 10 11 12
13 14 15 16 17 18 19
20 21 22 23 24 25 26
27 28 29 30 31      

[311u12@311U12 ~]$ 

[311u12@311U12 ~]$ df
Файловая система         1K-блоков Использовано   Доступно Использовано% Cмонтировано в
devtmpfs                      4096            0       4096            0% /dev
tmpfs                      7858248        75212    7783036            1% /dev/shm
tmpfs                      3143300         4004    3139296            1% /run
/dev/nvme0n1p5            48281448     26050360   19746044           57% /
/dev/nvme0n1p2              995224       352732     573760           39% /boot
/dev/nvme0n1p6           188018008    105002940   73440860           59% /home
/dev/nvme0n1p1              610120         8028     602092            2% /boot/efi
/dev/sda1                239254916     18712044  208316620            9% /VSD
tmpfs                      1571648          140    1571508            1% /run/user/1804801183
//OPEX1/WinStation.All   976542716    828002740  148539976           85% /media/share/X
//OPEX1/Owners/311/U12 11699159040   2082657808 9616501232           18% /media/share/Z
//OPEX1/SoftWare          62455808     29309788   33146020           47% /media/share/Y

[311u12@311U12 ~]$ free
total        used        free      shared  buff/cache   available
Mem:        15716496     4286940     2982120      135392     8924328    11429556
Swap:        7931900           0     7931900



Глава 2. Навигация
[311u12@311U12 ~]$ pwd
/home/311u12@nkti.local

311u12@311U12 ~]$ ls
lab1.txt          Видео       Изображения    'Ондар СА-32'
sync.sh           Документы   Музыка         'Рабочий стол'
'VirtualBox VMs'   Загрузки    Общедоступные   Шаблоны

[311u12@311U12 ~]$ cd /usr/bin
[311u12@311U12 bin]$ pwd
/usr/bin

homectl                                tpm2_clockrateadjust
host                                   tpm2_commit
hostid                                 tpm2_create
hostname                               tpm2_createak
hostnamectl                            tpm2_createek
hp-align                               tpm2_createpolicy
hp-check                               tpm2_createprimary
hp-clean                               tpm2_dictionarylockout
hp-colorcal                            tpm2_duplicate
hp-config_usb_printer                  tpm2_ecdhkeygen
hpcups-update-ppds                     tpm2_ecdhzgen
hp-devicesettings                      tpm2_ecephemeral
hp-diagnose_plugin                     tpm2_encodeobject
hp-diagnose_queues                     tpm2_encryptdecrypt
hp-fab                                 tpm2_eventlog
hp-faxsetup                            tpm2_evictcontrol
hp-firmware                            tpm2_flushcontext
hpijs                                  tpm2_getcap
hp-info                                tpm2_getcommandauditdigest
hp-levels                              tpm2_geteccparameters
hp-linefeedcal                         tpm2_getekcertificate
hp-makecopies                          tpm2_getpolicydigest
hp-makeuri                             tpm2_getrandom
hp-plugin                              tpm2_getsessionauditdigest
hp-print                               tpm2_gettestresult
hp-printsettings                       tpm2_gettime
hp-probe                               tpm2_hash
hp-query                               tpm2_hierarchycontrol
hp-scan                                tpm2_hmac
hp-sendfax                             tpm2_import
hp-setup                               tpm2_incrementalselftest
hp-systray                             tpm2_load
hp-testpage                            tpm2_loadexternal
hp-timedate                            tpm2_makecredential
hp-toolbox                             tpm2_nvcertify
hp-uiscan                              tpm2_nvdefine
hp-unload                              tpm2_nvextend
hp-wificonfig                          tpm2_nvincrement
hunspell                               tpm2_nvread
hw-id                                  tpm2_nvreadlock
i386                                   tpm2_nvreadpublic
i686-w64-mingw32-addr2line             tpm2_nvsetbits
i686-w64-mingw32-ar                    tpm2_nvundefine
i686-w64-mingw32-as                    tpm2_nvwrite
i686-w64-mingw32-c++                   tpm2_nvwritelock
i686-w64-mingw32-c++filt               tpm2_pcrallocate
i686-w64-mingw32-cpp                   tpm2_pcrevent
i686-w64-mingw32-dlltool               tpm2_pcrextend
i686-w64-mingw32-dllwrap               tpm2_pcrread
i686-w64-mingw32-elfedit               tpm2_pcrreset
i686-w64-mingw32-g++                   tpm2_policyauthorize
i686-w64-mingw32-gcc                   tpm2_policyauthorizenv
i686-w64-mingw32-gcc-9.2.1             tpm2_policyauthvalue
i686-w64-mingw32-gcc-ar                tpm2_policycommandcode
i686-w64-mingw32-gcc-nm                tpm2_policycountertimer
i686-w64-mingw32-gcc-ranlib            tpm2_policycphash
i686-w64-mingw32-gcov                  tpm2_policyduplicationselect
i686-w64-mingw32-gcov-dump             tpm2_policylocality
i686-w64-mingw32-gcov-tool             tpm2_policynamehash
i686-w64-mingw32-gprof                 tpm2_policynv
i686-w64-mingw32-ld                    tpm2_policynvwritten
i686-w64-mingw32-ld.bfd                tpm2_policyor
i686-w64-mingw32-nm                    tpm2_policypassword
i686-w64-mingw32-objcopy               tpm2_policypcr
i686-w64-mingw32-objdump               tpm2_policyrestart
i686-w64-mingw32-pkg-config            tpm2_policysecret
i686-w64-mingw32-ranlib                tpm2_policysigned
i686-w64-mingw32-readelf               tpm2_policytemplate
i686-w64-mingw32-size                  tpm2_policyticket
i686-w64-mingw32-strings               tpm2_print
i686-w64-mingw32-strip                 tpm2_quote
i686-w64-mingw32-windmc                tpm2_rc_decode
i686-w64-mingw32-windres               tpm2_readclock
ibus                                   tpm2_readpublic
ibus-daemon                            tpm2_rsadecrypt
ibus-setup                             tpm2_rsaencrypt
ibus-table-createdb                    tpm2_selftest
iccdump                                tpm2_send
iccgamut                               tpm2_sessionconfig
icclu                                  tpm2_setclock
iceauth                                tpm2_setcommandauditstatus
icedax                                 tpm2_setprimarypolicy
iconv                                  tpm2_shutdown
icu-config                             tpm2_sign
icu-config-64                          tpm2_startauthsession
icuinfo                                tpm2_startup
id                                     tpm2_stirrandom
ident                                  tpm2_testparms
identify                               tpm2_tr_encode
idiag-socket-details                   tpm2_unseal
iecset                                 tpm2_verifysignature
ifnames                                tpm2_zgen2phase
illumread                              tput
import                                 tr
imsettings-info                        tracegen
imsettings-list                        tracepath
imsettings-reload                      traceroute
imsettings-switch                      traceroute6
indent                                 tracker
index_dump                             tred
info                                   trietool
infocmp                                trietool-0.2
infotocap                              troff
inputattach                            true
install                                truncate
install-catalog                        trust
install-printerdriver                  ts_calibrate
instantfpc                             ts_conf
instmodsh                              tset
instperf                               ts_finddev
intel-virtual-output                   ts_harvest
interdiff                              tsort
intltool-extract                       ts_print
intltoolize                            ts_print_mt
intltool-merge                         ts_print_raw
intltool-prepare                       tss2
intltool-update                        tss2_authorizepolicy
invprofcheck                           tss2_changeauth
inxi                                   tss2_createkey
ionice                                 tss2_createnv
iostat                                 tss2_createseal
ipa                                    tss2_decrypt
ipa-getcert                            tss2_delete
ipcmk                                  tss2_encrypt
ipcrm                                  tss2_exportkey
ipcs                                   tss2_exportpolicy
ipmitool                               tss2_getappdata
ippfind                                tss2_getcertificate
ipptool                                tss2_getdescription
iptc                                   tss2_getinfo
irqtop                                 tss2_getplatformcertificates
isdv4-serial-inputattach               tss2_getrandom
isodebug                               tss2_gettpm2object
isodump                                tss2_gettpmblobs
iso-info                               tss2_import
isoinfo                                tss2_list
iso-read                               tss2_nvextend
isosize                                tss2_nvincrement
isovfy                                 tss2_nvread
isql                                   tss2_nvsetbits
itweb-settings                         tss2_nvwrite
itweb-settings.itweb                   tss2_pcrextend
itweb-settings.itweb.sh                tss2_pcrread
iusql                                  tss2_provision
jackd                                  tss2_quote
jackrec                                tss2_setappdata
jar                                    tss2_setcertificate
jarsigner                              tss2_setdescription
java                                   tss2_sign
java2html                              tss2_unseal
javac                                  tss2_verifyquote
javadoc                                tss2_verifysignature
javap                                  tss2_writeauthorizenv
javaws                                 ts_test
javaws.itweb                           ts_test_mt
javaws.itweb.sh                        ts_uinput
jconsole                               ts_verify
jdb                                    tth-hash
jdeprscan                              ttmkfdir
jdeps                                  tty
jfr                                    turbostat
jhsdb                                  twopi
jimage                                 txt2ti3
jinfo                                  type
jlink                                  tzselect
jmap                                   uclampset
jmod                                   ucs2any
jobs                                   udevadm
join                                   udisksctl
JoinToDomain                           uic-qt5
join-to-domain.sh                      ul
journalctl                             ulimit
jpackage                               ulockmgr_server
jps                                    umask
jq                                     umax_pp
jrunscript                             umount
jscal                                  unalias
jscal-restore                          uname
jscal-store                            uname26
jshell                                 unar
json2pas                               unarj
json_pp                                uncompress
json_reformat                          unexpand
json_verify                            unflatten
json_xs                                unicode_start
jstack                                 unicode_stop
jstat                                  unihelper
jstatd                                 uniq
jstest                                 unitdiff
k5srvutil                              unitdiff.rsj
kadmin                                 unlink
kbdinfo                                unlzf
kbd_mode                               unoconv
kbdrate                                unopkg
kbuildsycoca5                          unpigz
kbxutil                                unshare
kcookiejar5                            unwrapdiff
kdeinit5                               unxz
kdeinit5_shutdown                      unzip
kdeinit5_wrapper                       unzipsfx
kdestroy                               unzstd
kdumpctl                               update-ca-trust
kernel-install                         update-crypto-policies
keyctl                                 updatedb
keytool                                update-desktop-database
kglobalaccel5                          update-gtk-immodules
kiconfinder5                           update-mime-database
kill                                   updatepofiles
killall                                upload-system-info
kinit                                  upower
klist                                  uptime
kmod                                   usb-devices
kodak2ti3                              usbhid-dump
kpasswd                                usb_printerid
kquitapp5                              userdbctl
kreadconfig5                           userinfo
kshell5                                userpasswd
ksu                                    users
kswitch                                usleep
ktelnetservice5                        usx2yloader
ktrash5                                utmpdump
ktutil                                 uuidgen
kvno                                   uuidparse
kwalletd5                              uz
kwallet-query                          VBox
kwrapper5                              vboxautostart
kwriteconfig5                          VBoxAutostart
lame                                   vboxballoonctrl
last                                   VBoxBalloonCtrl
lastb                                  vboxbugreport
lastcomm                               VBoxBugReport
lastlog                                VBoxClient
lavadecode                             VBoxClient-all
lazarus-ide                            VBoxControl
lazbuild                               VBoxDRMClient
lazres                                 vboxdtrace
lchfn                                  VBoxDTrace
lchsh                                  vboxheadless
ld                                     VBoxHeadless
ldapadd                                vbox-img
ldapcompare                            vboximg-mount
ldapdelete                             vboxmanage
ldapexop                               VBoxManage
ldapmodify                             vboxsdl
ldapmodrdn                             VBoxSDL
ldappasswd                             VBoxVRDP
ldapsearch                             vcut
ldapurl                                vdir
ldapwhoami                             verify_blkparse
ldbadd                                 veyon-auth-helper
ldbdel                                 veyon-cli
ldbedit                                veyon-configurator
ld.bfd                                 veyon-master
ldbmodify                              veyon-server
ldbrename                              veyon-service
ldbsearch                              veyon-worker
ldd                                    VGAuthService
ld.gold                                vi
less                                   view
lessecho                               viewgam
lesskey                                vim
lesspipe.sh                            vimdiff
lex                                    vimdot
lexgrog                                vimtutor
lha                                    virtualbox
libbluray_test                         VirtualBox
libgtop_daemon2                        virtualboxvm
libgtop_server2                        VirtualBoxVM
libieee1284_test                       vkcube
libinput                               vkcubepp
libnetcfg                              vkcube-wayland
libpng16-config                        vlc
libpng-config                          vlc-wrapper
libreoffice                            vlock
libtar                                 vmhgfs-fuse
libtool                                vmstat
libtoolize                             vm-support
libwacom-list-local-devices            vmtoolsd
libwmf-fontmap                         vmware-alias-import
lilv-bench                             vmware-checkvm
link                                   vmware-hgfsclient
linux32                                vmware-namespace-cmd
linux64                                vmware-rpctool
linux-boot-prober                      vmware-toolbox-cmd
listplugins                            vmware-user
list_titles                            vmware-user-suid-wrapper
ln                                     vmware-vgauth-cmd
loadkeys                               vmware-vmblock-fuse
loadunimap                             vmware-xferlogs
locale                                 vmwgfxctrl
localectl                              vncconfig
localedef                              vncpasswd
local-getcert                          vorbiscomment
locate                                 vstp
logger                                 vulkaninfo
login                                  vxloader
loginctl                               w
loginfo.sh                             wait
logname                                wall
look                                   watch
lou_allround                           watchgnupg
lou_checkhyphens                       wavpack
lou_checktable                         wbinfo
lou_checkyaml                          wc
lou_debug                              wdctl
lou_tableinfo                          webidl2pas
lou_trace                              WebKitWebDriver
lou_translate                          wget
lowntfs-3g                             whatis
lp                                     whereis
lp.cups                                which
lpoptions                              whiptail
lpq                                    whirlpool-hash
lpq.cups                               who
lpr                                    whoami
lpr.cups                               wine
lprm                                   wine32
lprm.cups                              wine32-preloader
lp_solve                               wine64
lpstat                                 wine64-preloader
lpstat.cups                            wineboot
lrstolfm                               winecfg
ls                                     wineconsole
ls2ti3                                 winedbg
lsar                                   winedump
lsattr                                 winefile
lsblk                                  winemaker
lsb_release                            winemine
lscpu                                  winepath
lsdiff                                 wine-preloader
lsinitrd                               wineserver
lsipc                                  wineserver32
lsirq                                  wineserver64
lslocks                                winetricks
lslogins                               wipe
lsmcli                                 wish
lsmd                                   wish8.6
lsmem                                  withsctp
lsns                                   wmctrl
lsof                                   wmf2eps
lsusb                                  wmf2fig
lsusb.py                               wmf2gd
lto-dump                               wmf2svg
lua                                    wmf2x
luac                                   wnck-urgency-monitor
luajit                                 wodim
luajit-2.1.1692716794                  write
lv2bench                               wvdial
lv2info                                wvdialconf
lv2ls                                  wvgain
lz                                     wvtag
lzf                                    wvunpack
lzip                                   X
lzop                                   x264
m17n-conv                              x86_64
m4                                     x86_64-redhat-linux-c++
macro-expander                         x86_64-redhat-linux-g++
magnet-link                            x86_64-redhat-linux-gcc
mail                                   x86_64-redhat-linux-gcc-11
Mail                                   x86_64-redhat-linux-gnu-pkg-config
mailq                                  x86_64-w64-mingw32-addr2line
mailq.postfix                          x86_64-w64-mingw32-ar
mailx                                  x86_64-w64-mingw32-as
make                                   x86_64-w64-mingw32-c++
makedb                                 x86_64-w64-mingw32-c++filt
makedeltarpm                           x86_64-w64-mingw32-cpp
make-dummy-cert                        x86_64-w64-mingw32-dlltool
makeskel                               x86_64-w64-mingw32-dllwrap
makeskel.rsj                           x86_64-w64-mingw32-elfedit
man                                    x86_64-w64-mingw32-g++
mandb                                  x86_64-w64-mingw32-gcc
manpath                                x86_64-w64-mingw32-gcc-9.2.1
mapscrn                                x86_64-w64-mingw32-gcc-ar
marco                                  x86_64-w64-mingw32-gcc-nm
marco-message                          x86_64-w64-mingw32-gcc-ranlib
marco-theme-viewer                     x86_64-w64-mingw32-gcov
mate-about                             x86_64-w64-mingw32-gcov-dump
mate-about-me                          x86_64-w64-mingw32-gcov-tool
mate-appearance-properties             x86_64-w64-mingw32-gprof
mate-at-properties                     x86_64-w64-mingw32-ld
mate-calc                              x86_64-w64-mingw32-ld.bfd
mate-calc-cmd                          x86_64-w64-mingw32-nm
mate-calculator                        x86_64-w64-mingw32-objcopy
mate-color-select                      x86_64-w64-mingw32-objdump
mate-control-center                    x86_64-w64-mingw32-pkg-config
mate-cpufreq-selector                  x86_64-w64-mingw32-ranlib
mate-default-applications-properties   x86_64-w64-mingw32-readelf
mate-desktop-item-edit                 x86_64-w64-mingw32-size
mate-disk-image-mounter                x86_64-w64-mingw32-strings
mate-disk-usage-analyzer               x86_64-w64-mingw32-strip
mate-display-properties                x86_64-w64-mingw32-windmc
mate-font-viewer                       x86_64-w64-mingw32-windres
mate-keybinding-properties             x86_energy_perf_policy
mate-keyboard-properties               xapp-gpu-offload
mate-mouse-properties                  xargs
mate-network-properties                xauth
mate-notification-properties           xbrlapi
mate-panel                             xdg-dbus-proxy
mate-panel-screenshot                  xdg-desktop-icon
mate-panel-test-applets                xdg-desktop-menu
mate-power-manager                     xdg-email
mate-power-preferences                 xdg-icon-resource
mate-power-statistics                  xdg-mime
mate-screensaver                       xdg-open
mate-screensaver-command               xdg-screensaver
mate-screensaver-preferences           xdg-settings
mate-screenshot                        xdg-user-dir
mate-search-tool                       xdg-user-dirs-gtk-update
mate-session                           xdg-user-dirs-update
mate-session-inhibit                   xdpyinfo
mate-session-properties                xdriinfo
mate-session-save                      xerces-j2-constants
mate-system-info                       xerces-j2-version
mate-system-log                        xev
mate-system-monitor                    xfce4-set-wallpaper
mate-terminal                          xgamma
mate-terminal.wrapper                  xgettext
mate-thumbnail-font                    xhost
mate-time-admin                        xicclu
mate-typing-monitor                    xinit
mate-volume-control                    xinput
mate-volume-control-status-icon        xisxwayland
mate-window-properties                 xkbcomp
mate-wm                                xkill
mattrib                                xlsatoms
mbadblocks                             xlsclients
mbimcli                                xlsfonts
mbim-network                           xml2-config
mc                                     xmlcatalog
mcat                                   xmllint
mcd                                    xml-resolver
mcdiff                                 xmlsec1
mcedit                                 xmlwf
mcheck                                 xml-xparse
mclasserase                            xml-xread
mcomp                                  xmodmap
mcookie                                Xorg
mcopy                                  xorg-x11-fonts-update-dirs
mcpp                                   xprintidle
mcview                                 xprop
md5sum                                 xqxdecode
mdb_copy                               xrandr
mdb_dump                               xrdb
mdb_load                               xrefresh
mdb_stat                               xsel
mdel                                   xset
mdeltree                               xsetpointer
mdir                                   xsetroot
mdsearch                               xsetwacom
mdu                                    xsltproc
meinproc5                              xstdcmap
merge                                  xsubpp
mesg                                   xvattr
metacity                               xvinfo
metacity-message                       Xvnc
mev                                    xwininfo
mformat                                xxd
minfo                                  xz
mingw32-cmake                          xzcat
mingw32-configure                      xzcmp
mingw32-make                           xzdec
mingw32-meson                          xzdiff
mingw32-pkg-config                     xzegrep
mingw64-cmake                          xzfgrep
mingw64-configure                      xzgrep
mingw64-make                           xzless
mingw64-meson                          xzmore
mingw64-pkg-config                     yacc
mingw-nm                               yad
mingw-objcopy                          yad-icon-browser
mingw-objdump                          yad-settings
mingw-strip                            yad-tools
mixartloader                           yandex-browser
mka64ins                               yandex-browser-stable
mkafmmap                               yelp
mkarmins                               yes
mkdir                                  ypdomainname
mkfifo                                 yum
mkfontdir                              zbarcam
mkfontscale                            zbarimg
mkhybrid                               zcat
mkinsadd                               zcmp
mkisofs                                zdiff
mkmanifest                             zegrep
mknod                                  zenheiset
mkpasswd                               zenity
mkrfc2734                              zfgrep
mktemp                                 zforce
mkx86ins                               zgrep
mlabel                                 zip
mlt-melt                               zipcloak
mm2gv                                  zipdetails
mmcli                                  zipgrep
mmc-tool                               zipinfo
mmd                                    zipnote
mmount                                 zipsplit
mmove                                  zjsdecode
mobj_dump                              zless
moc-qt5                                zmore
modulecmd                              znew
modulemd-validator                     zoo
modutil                                zsoelim
mogrify                                zstd
mokutil                                zstdcat
monitor-sensor                         zstdgrep
montage                                zstdless
more                                   zstdmt
mount                                  zvbi-atsc-cc
mountpoint                             zvbi-chains
mouse-test                             zvbi-ntsc-cc
mousetweaks

311u12@311U12 bin]$ cd /usr
[311u12@311U12 usr]$ pwd
/usr

[311u12@311U12 usr]$ cd ..
[311u12@311U12 /]$ pwd
/

[311u12@311U12 /]$ cd /usr/bin
[311u12@311U12 bin]$ pwd
/usr/bin

[311u12@311U12 bin]$ cd ./bin
bash: cd: ./bin: No such file or directory
[311u12@311U12 bin]$ pwd
/usr/bin

[311u12@311U12 bin]$ cd bin
bash: cd: bin: No such file or directory
[311u12@311U12 bin]$ pwd
/usr/bin

Глава 3. Исследование системы
311u12@311U12 bin]$ ls /usr
bin    i686-w64-mingw32  lib    libexec  sbin   src  x86_64-w64-mingw32
games  include           lib64  local    share  tmp

[311u12@311U12 bin]$ ls ~ /usr
/home/311u12@nkti.local:
lab1.txt          Видео       Изображения    'Ондар СА-32'
sync.sh           Документы   Музыка         'Рабочий стол'
'VirtualBox VMs'   Загрузки    Общедоступные   Шаблоны

/usr:
bin    i686-w64-mingw32  lib    libexec  sbin   src  x86_64-w64-mingw32
games  include           lib64  local    share  tmp

lrwxrwxrwx. 1 root root           4 июл  1  2024  tpm2_geteccparameters -> tpm2
lrwxrwxrwx. 1 root root           4 июл  1  2024  tpm2_getekcertificate -> tpm2
lrwxrwxrwx. 1 root root           4 июл  1  2024  tpm2_getpolicydigest -> tpm2
lrwxrwxrwx. 1 root root           4 июл  1  2024  tpm2_getrandom -> tpm2
lrwxrwxrwx. 1 root root           4 июл  1  2024  tpm2_getsessionauditdigest -> tpm2
lrwxrwxrwx. 1 root root           4 июл  1  2024  tpm2_gettestresult -> tpm2
lrwxrwxrwx. 1 root root           4 июл  1  2024  tpm2_gettime -> tpm2
lrwxrwxrwx. 1 root root           4 июл  1  2024  tpm2_hash -> tpm2
lrwxrwxrwx. 1 root root           4 июл  1  2024  tpm2_hierarchycontrol -> tpm2
lrwxrwxrwx. 1 root root           4 июл  1  2024  tpm2_hmac -> tpm2
lrwxrwxrwx. 1 root root           4 июл  1  2024  tpm2_import -> tpm2
lrwxrwxrwx. 1 root root           4 июл  1  2024  tpm2_incrementalselftest -> tpm2
lrwxrwxrwx. 1 root root           4 июл  1  2024  tpm2_load -> tpm2
lrwxrwxrwx. 1 root root           4 июл  1  2024  tpm2_loadexternal -> tpm2
lrwxrwxrwx. 1 root root           4 июл  1  2024  tpm2_makecredential -> tpm2
lrwxrwxrwx. 1 root root           4 июл  1  2024  tpm2_nvcertify -> tpm2
lrwxrwxrwx. 1 root root           4 июл  1  2024  tpm2_nvdefine -> tpm2
lrwxrwxrwx. 1 root root           4 июл  1  2024  tpm2_nvextend -> tpm2
lrwxrwxrwx. 1 root root           4 июл  1  2024  tpm2_nvincrement -> tpm2
lrwxrwxrwx. 1 root root           4 июл  1  2024  tpm2_nvread -> tpm2
lrwxrwxrwx. 1 root root           4 июл  1  2024  tpm2_nvreadlock -> tpm2
lrwxrwxrwx. 1 root root           4 июл  1  2024  tpm2_nvreadpublic -> tpm2
lrwxrwxrwx. 1 root root           4 июл  1  2024  tpm2_nvsetbits -> tpm2
lrwxrwxrwx. 1 root root           4 июл  1  2024  tpm2_nvundefine -> tpm2
lrwxrwxrwx. 1 root root           4 июл  1  2024  tpm2_nvwrite -> tpm2
lrwxrwxrwx. 1 root root           4 июл  1  2024  tpm2_nvwritelock -> tpm2
lrwxrwxrwx. 1 root root           4 июл  1  2024  tpm2_pcrallocate -> tpm2
lrwxrwxrwx. 1 root root           4 июл  1  2024  tpm2_pcrevent -> tpm2
lrwxrwxrwx. 1 root root           4 июл  1  2024  tpm2_pcrextend -> tpm2
lrwxrwxrwx. 1 root root           4 июл  1  2024  tpm2_pcrread -> tpm2
lrwxrwxrwx. 1 root root           4 июл  1  2024  tpm2_pcrreset -> tpm2
lrwxrwxrwx. 1 root root           4 июл  1  2024  tpm2_policyauthorize -> tpm2
lrwxrwxrwx. 1 root root           4 июл  1  2024  tpm2_policyauthorizenv -> tpm2
lrwxrwxrwx. 1 root root           4 июл  1  2024  tpm2_policyauthvalue -> tpm2
lrwxrwxrwx. 1 root root           4 июл  1  2024  tpm2_policycommandcode -> tpm2
lrwxrwxrwx. 1 root root           4 июл  1  2024  tpm2_policycountertimer -> tpm2
lrwxrwxrwx. 1 root root           4 июл  1  2024  tpm2_policycphash -> tpm2
lrwxrwxrwx. 1 root root           4 июл  1  2024  tpm2_policyduplicationselect -> tpm2
lrwxrwxrwx. 1 root root           4 июл  1  2024  tpm2_policylocality -> tpm2
lrwxrwxrwx. 1 root root           4 июл  1  2024  tpm2_policynamehash -> tpm2
lrwxrwxrwx. 1 root root           4 июл  1  2024  tpm2_policynv -> tpm2
lrwxrwxrwx. 1 root root           4 июл  1  2024  tpm2_policynvwritten -> tpm2
lrwxrwxrwx. 1 root root           4 июл  1  2024  tpm2_policyor -> tpm2
lrwxrwxrwx. 1 root root           4 июл  1  2024  tpm2_policypassword -> tpm2
lrwxrwxrwx. 1 root root           4 июл  1  2024  tpm2_policypcr -> tpm2
lrwxrwxrwx. 1 root root           4 июл  1  2024  tpm2_policyrestart -> tpm2
lrwxrwxrwx. 1 root root           4 июл  1  2024  tpm2_policysecret -> tpm2
lrwxrwxrwx. 1 root root           4 июл  1  2024  tpm2_policysigned -> tpm2
lrwxrwxrwx. 1 root root           4 июл  1  2024  tpm2_policytemplate -> tpm2
lrwxrwxrwx. 1 root root           4 июл  1  2024  tpm2_policyticket -> tpm2
lrwxrwxrwx. 1 root root           4 июл  1  2024  tpm2_print -> tpm2
lrwxrwxrwx. 1 root root           4 июл  1  2024  tpm2_quote -> tpm2
lrwxrwxrwx. 1 root root           4 июл  1  2024  tpm2_rc_decode -> tpm2
lrwxrwxrwx. 1 root root           4 июл  1  2024  tpm2_readclock -> tpm2
lrwxrwxrwx. 1 root root           4 июл  1  2024  tpm2_readpublic -> tpm2
lrwxrwxrwx. 1 root root           4 июл  1  2024  tpm2_rsadecrypt -> tpm2
lrwxrwxrwx. 1 root root           4 июл  1  2024  tpm2_rsaencrypt -> tpm2
lrwxrwxrwx. 1 root root           4 июл  1  2024  tpm2_selftest -> tpm2
lrwxrwxrwx. 1 root root           4 июл  1  2024  tpm2_send -> tpm2
lrwxrwxrwx. 1 root root           4 июл  1  2024  tpm2_sessionconfig -> tpm2
lrwxrwxrwx. 1 root root           4 июл  1  2024  tpm2_setclock -> tpm2
lrwxrwxrwx. 1 root root           4 июл  1  2024  tpm2_setcommandauditstatus -> tpm2
lrwxrwxrwx. 1 root root           4 июл  1  2024  tpm2_setprimarypolicy -> tpm2
lrwxrwxrwx. 1 root root           4 июл  1  2024  tpm2_shutdown -> tpm2
lrwxrwxrwx. 1 root root           4 июл  1  2024  tpm2_sign -> tpm2
lrwxrwxrwx. 1 root root           4 июл  1  2024  tpm2_startauthsession -> tpm2
lrwxrwxrwx. 1 root root           4 июл  1  2024  tpm2_startup -> tpm2
lrwxrwxrwx. 1 root root           4 июл  1  2024  tpm2_stirrandom -> tpm2
lrwxrwxrwx. 1 root root           4 июл  1  2024  tpm2_testparms -> tpm2
lrwxrwxrwx. 1 root root           4 июл  1  2024  tpm2_tr_encode -> tpm2
lrwxrwxrwx. 1 root root           4 июл  1  2024  tpm2_unseal -> tpm2
lrwxrwxrwx. 1 root root           4 июл  1  2024  tpm2_verifysignature -> tpm2
lrwxrwxrwx. 1 root root           4 июл  1  2024  tpm2_zgen2phase -> tpm2
-rwxr-xr-x. 1 root root       27992 авг 23 16:37  tput
-rwxr-xr-x. 1 root root       48888 янв 25  2024  tr
-rwxr-xr-x. 2 root root      623592 окт 14 15:21  tracegen
-rwxr-xr-x. 1 root root       19848 окт 27  2020  tracepath
-rwxr-xr-x. 1 root root       79048 окт 26  2023  traceroute
lrwxrwxrwx. 1 root root          10 окт 26  2023  traceroute6 -> traceroute
-rwxr-xr-x. 1 root root      177296 дек 15  2020  tracker
-rwxr-xr-x. 1 root root       19792 авг 20 14:54  tred
-rwxr-xr-x. 1 root root       16096 авг 31  2020  trietool
lrwxrwxrwx. 1 root root           8 авг 31  2020  trietool-0.2 -> trietool
-rwxr-xr-x. 1 root root      521240 мар  4  2020  troff
-rwxr-xr-x. 1 root root       28000 янв 25  2024  true
-rwxr-xr-x. 1 root root       36392 янв 25  2024  truncate
-rwxr-xr-x. 1 root root      223400 апр 16  2024  trust
-rwxr-xr-x. 1 root root       34968 сен 23  2020  ts_calibrate
-rwxr-xr-x. 1 root root       11792 сен 23  2020  ts_conf
-rwxr-xr-x. 1 root root       28056 авг 23 16:37  tset
-rwxr-xr-x. 1 root root       11712 сен 23  2020  ts_finddev
-rwxr-xr-x. 1 root root       26656 сен 23  2020  ts_harvest
-rwxr-xr-x. 1 root root       48808 янв 25  2024  tsort
-rwxr-xr-x. 1 root root       11704 сен 23  2020  ts_print
-rwxr-xr-x. 1 root root       11808 сен 23  2020  ts_print_mt
-rwxr-xr-x. 1 root root        7600 сен 23  2020  ts_print_raw
-rwxr-xr-x. 1 root root       86184 июл  1  2024  tss2
lrwxrwxrwx. 1 root root           4 июл  1  2024  tss2_authorizepolicy -> tss2
lrwxrwxrwx. 1 root root           4 июл  1  2024  tss2_changeauth -> tss2
lrwxrwxrwx. 1 root root           4 июл  1  2024  tss2_createkey -> tss2
lrwxrwxrwx. 1 root root           4 июл  1  2024  tss2_createnv -> tss2
lrwxrwxrwx. 1 root root           4 июл  1  2024  tss2_createseal -> tss2
lrwxrwxrwx. 1 root root           4 июл  1  2024  tss2_decrypt -> tss2
lrwxrwxrwx. 1 root root           4 июл  1  2024  tss2_delete -> tss2
lrwxrwxrwx. 1 root root           4 июл  1  2024  tss2_encrypt -> tss2
lrwxrwxrwx. 1 root root           4 июл  1  2024  tss2_exportkey -> tss2
lrwxrwxrwx. 1 root root           4 июл  1  2024  tss2_exportpolicy -> tss2
lrwxrwxrwx. 1 root root           4 июл  1  2024  tss2_getappdata -> tss2
lrwxrwxrwx. 1 root root           4 июл  1  2024  tss2_getcertificate -> tss2
lrwxrwxrwx. 1 root root           4 июл  1  2024  tss2_getdescription -> tss2
lrwxrwxrwx. 1 root root           4 июл  1  2024  tss2_getinfo -> tss2
lrwxrwxrwx. 1 root root           4 июл  1  2024  tss2_getplatformcertificates -> tss2
lrwxrwxrwx. 1 root root           4 июл  1  2024  tss2_getrandom -> tss2
lrwxrwxrwx. 1 root root           4 июл  1  2024  tss2_gettpm2object -> tss2
lrwxrwxrwx. 1 root root           4 июл  1  2024  tss2_gettpmblobs -> tss2
lrwxrwxrwx. 1 root root           4 июл  1  2024  tss2_import -> tss2
lrwxrwxrwx. 1 root root           4 июл  1  2024  tss2_list -> tss2
lrwxrwxrwx. 1 root root           4 июл  1  2024  tss2_nvextend -> tss2
lrwxrwxrwx. 1 root root           4 июл  1  2024  tss2_nvincrement -> tss2
lrwxrwxrwx. 1 root root           4 июл  1  2024  tss2_nvread -> tss2
lrwxrwxrwx. 1 root root           4 июл  1  2024  tss2_nvsetbits -> tss2
lrwxrwxrwx. 1 root root           4 июл  1  2024  tss2_nvwrite -> tss2
lrwxrwxrwx. 1 root root           4 июл  1  2024  tss2_pcrextend -> tss2
lrwxrwxrwx. 1 root root           4 июл  1  2024  tss2_pcrread -> tss2
lrwxrwxrwx. 1 root root           4 июл  1  2024  tss2_provision -> tss2
lrwxrwxrwx. 1 root root           4 июл  1  2024  tss2_quote -> tss2
lrwxrwxrwx. 1 root root           4 июл  1  2024  tss2_setappdata -> tss2
lrwxrwxrwx. 1 root root           4 июл  1  2024  tss2_setcertificate -> tss2
lrwxrwxrwx. 1 root root           4 июл  1  2024  tss2_setdescription -> tss2
lrwxrwxrwx. 1 root root           4 июл  1  2024  tss2_sign -> tss2
lrwxrwxrwx. 1 root root           4 июл  1  2024  tss2_unseal -> tss2
lrwxrwxrwx. 1 root root           4 июл  1  2024  tss2_verifyquote -> tss2
lrwxrwxrwx. 1 root root           4 июл  1  2024  tss2_verifysignature -> tss2
lrwxrwxrwx. 1 root root           4 июл  1  2024  tss2_writeauthorizenv -> tss2
-rwxr-xr-x. 1 root root       26640 сен 23  2020  ts_test
-rwxr-xr-x. 1 root root       30792 сен 23  2020  ts_test_mt
-rwxr-xr-x. 1 root root       20120 сен 23  2020  ts_uinput
-rwxr-xr-x. 1 root root       15960 сен 23  2020  ts_verify
lrwxrwxrwx. 1 root root           5 окт 30  2020  tth-hash -> rhash
-rwxr-xr-x. 1 root root      106400 ноя  1  2020  ttmkfdir
-rwxr-xr-x. 1 root root       32272 янв 25  2024  tty
-rwxr-xr-x. 1 root root      120464 сен 16 03:36  turbostat
lrwxrwxrwx. 1 root root           3 авг 20 14:54  twopi -> dot
-rwxr-xr-x. 1 root root     2076464 июл 25  2023  txt2ti3
-rwxr-xr-x. 1 root root          32 мая 24  2024  type
-rwxr-xr-x. 1 root root       15370 июл 15  2024  tzselect
-rwxr-xr-x. 1 root root       28104 мая 27  2024  uclampset
-rwxr-xr-x. 1 root root       20152 сен 10  2020  ucs2any
-rwxr-xr-x. 1 root root      502728 апр  4  2024  udevadm
-rwxr-xr-x. 1 root root       54280 окт  1  2020  udisksctl
-rwxr-xr-x. 2 root root      590432 окт 14 15:21  uic-qt5
-rwxr-xr-x. 1 root root       23880 мая 27  2024  ul
-rwxr-xr-x. 1 root root          34 мая 24  2024  ulimit
-rwxr-xr-x. 1 root root       16040 сен 15  2020  ulockmgr_server
-rwxr-xr-x. 1 root root          33 мая 24  2024  umask
-rwxr-xr-x. 1 root root      183104 апр 17  2023  umax_pp
-rwsr-xr-x. 1 root root       36176 мая 27  2024  umount
-rwxr-xr-x. 1 root root          35 мая 24  2024  unalias
-rwxr-xr-x. 1 root root       32296 янв 25  2024  uname
lrwxrwxrwx. 1 root root           7 мая 27  2024  uname26 -> setarch
-rwxr-xr-x. 1 root root     2339208 окт 14  2020  unar
-rwxr-xr-x. 1 root root          74 июл 27  2020  unarj
lrwxrwxrwx. 1 root root           8 окт 14  2020  uncompress -> compress
-rwxr-xr-x. 1 root root       40552 янв 25  2024  unexpand
-rwxr-xr-x. 1 root root       15680 авг 20 14:54  unflatten
-rwxr-xr-x. 1 root root        2629 ноя 29  2020  unicode_start
-rwxr-xr-x. 1 root root         363 фев 27  2012  unicode_stop
-rwxr-xr-x. 1 root root     1100120 окт 18 19:33  unihelper
-rwxr-xr-x. 1 root root       44744 янв 25  2024  uniq
-rwxr-xr-x. 1 root root     1530216 окт 18 19:33  unitdiff
-rw-r--r--. 1 root root        1770 окт 18 19:31  unitdiff.rsj
-rwxr-xr-x. 1 root root       32288 янв 25  2024  unlink
lrwxrwxrwx. 1 root root           3 ноя  1  2021  unlzf -> lzf
-rwxr-xr-x. 1 root root       68391 мар 23  2021  unoconv
-rwxr-xr-x. 1 root root         375 ноя 12 16:32  unopkg
-rwxr-xr-x. 2 root root      115968 июн 29  2018  unpigz
-rwxr-xr-x. 1 root root       32376 мая 27  2024  unshare
-rwxr-xr-x. 1 root root        5940 окт 28  2020  unwrapdiff
lrwxrwxrwx. 1 root root           2 окт 27  2020  unxz -> xz
-rwxr-xr-x. 2 root root      189496 мар  6  2020  unzip
-rwxr-xr-x. 1 root root       94776 мар  6  2020  unzipsfx
lrwxrwxrwx. 1 root root           4 янв 17  2024  unzstd -> zstd
-rwxr-xr-x. 1 root root        3685 окт 25 16:17  update-ca-trust
-rwxr-xr-x. 1 root root          87 июн 19  2020  update-crypto-policies
-rwxr-xr-x. 1 root root       45000 окт 26  2020  updatedb
-rwxr-xr-x. 1 root root       28248 авг 31  2023  update-desktop-database
-rwxr-xr-x. 1 root root         313 сен  2  2020  update-gtk-immodules
-rwxr-xr-x. 1 root root       78704 фев  8  2024  update-mime-database
lrwxrwxrwx. 1 root root          36 окт 18 20:36  updatepofiles -> ../lib64/lazarus/tools/updatepofiles
-rwxr-xr-x. 1 root root         605 июн  8  2023  upload-system-info
-rwxr-xr-x. 1 root root       16088 окт  1  2020  upower
-rwxr-xr-x. 1 root root       15600 сен 25 16:24  uptime
-rwxr-xr-x. 1 root root        4100 мая  7  2019  usb-devices
-rwxr-xr-x. 1 root root       24600 ноя 13  2020  usbhid-dump
-rwxr-xr-x. 1 root root        7656 апр  6  2021  usb_printerid
-rwxr-xr-x. 1 root root       40656 апр  4  2024  userdbctl
-rwxr-xr-x. 1 root root       36552 дек 15  2020  userinfo
-rwxr-xr-x. 1 root root       32192 дек 15  2020  userpasswd
-rwxr-xr-x. 1 root root       36416 янв 25  2024  users
-rwxr-xr-x. 1 root root       11536 авг 31  2020  usleep
-rwxr-xr-x. 1 root root       24384 июн  3  2022  usx2yloader
-rwxr-xr-x. 1 root root       23824 мая 27  2024  utmpdump
-rwxr-xr-x. 1 root root       19680 мая 27  2024  uuidgen
-rwxr-xr-x. 1 root root       23824 мая 27  2024  uuidparse
-rwxr-xr-x. 1 root root        2541 окт 26  2020  uz
-rwxr-xr-x. 1 root root        6397 ноя 12 19:18  VBox
lrwxrwxrwx. 1 root root           4 ноя 12 19:23  vboxautostart -> VBox
lrwxrwxrwx. 1 root root           4 ноя 12 19:23  VBoxAutostart -> VBox
lrwxrwxrwx. 1 root root           4 ноя 12 19:23  vboxballoonctrl -> VBox
lrwxrwxrwx. 1 root root           4 ноя 12 19:23  VBoxBalloonCtrl -> VBox
lrwxrwxrwx. 1 root root           4 ноя 12 19:23  vboxbugreport -> VBox
lrwxrwxrwx. 1 root root           4 ноя 12 19:23  VBoxBugReport -> VBox
-rwxr-xr-x. 1 root root      662768 ноя 12 19:24  VBoxClient
lrwxrwxrwx. 1 root root          50 ноя 12 19:23  VBoxClient-all -> ../../etc/X11/xinit/xinitrc.d/98vboxadd-xclient.sh
-rwxr-xr-x. 1 root root      672584 ноя 12 19:24  VBoxControl
-rwxr-xr-x. 1 root root      386816 ноя 12 19:24  VBoxDRMClient
lrwxrwxrwx. 1 root root           4 ноя 12 19:23  vboxdtrace -> VBox
lrwxrwxrwx. 1 root root           4 ноя 12 19:23  VBoxDTrace -> VBox
lrwxrwxrwx. 1 root root           4 ноя 12 19:23  vboxheadless -> VBox
lrwxrwxrwx. 1 root root           4 ноя 12 19:23  VBoxHeadless -> VBox
lrwxrwxrwx. 1 root root          35 ноя 12 19:23  vbox-img -> ../../usr/lib64/virtualbox/vbox-img
lrwxrwxrwx. 1 root root          40 ноя 12 19:23  vboximg-mount -> ../../usr/lib64/virtualbox/vboximg-mount
lrwxrwxrwx. 1 root root           4 ноя 12 19:23  vboxmanage -> VBox
lrwxrwxrwx. 1 root root           4 ноя 12 19:23  VBoxManage -> VBox
lrwxrwxrwx. 1 root root           4 ноя 12 19:23  vboxsdl -> VBox
lrwxrwxrwx. 1 root root           4 ноя 12 19:23  VBoxSDL -> VBox
lrwxrwxrwx. 1 root root           4 ноя 12 19:23  VBoxVRDP -> VBox
-rwxr-xr-x. 1 root root       23856 фев 28  2024  vcut
-rwxr-xr-x. 1 root root      140760 янв 25  2024  vdir
-rwxr-xr-x. 1 root root       11680 окт 21  2020  verify_blkparse
-rwx--x--x. 1 root root       11992 сен  7  2021  veyon-auth-helper
-rwxr-xr-x. 1 root root       24856 сен  7  2021  veyon-cli
-rwxr-xr-x. 1 root root      370888 сен  7  2021  veyon-configurator
-rwxr-xr-x. 1 root root      448480 сен  7  2021  veyon-master
-rwxr-xr-x. 1 root root      163616 сен  7  2021  veyon-server
-rwxr-xr-x. 1 root root       12040 сен  7  2021  veyon-service
-rwxr-xr-x. 1 root root       41720 сен  7  2021  veyon-worker
-rwxr-xr-x. 1 root root      135744 июн 25  2024  VGAuthService
-rwxr-xr-x. 1 root root         691 окт 11 20:44  vi
-rwxr-xr-x. 1 root root         150 окт 11 20:44  view
-rwxr-xr-x. 1 root root     1361528 июл 25  2023  viewgam
-rwxr-xr-x. 1 root root     4358984 окт 11 20:44  vim
lrwxrwxrwx. 1 root root           3 окт 11 20:44  vimdiff -> vim
-rwxr-xr-x. 1 root root        1162 авг 20 14:53  vimdot
-rwxr-xr-x. 1 root root        2158 окт 11 20:44  vimtutor
lrwxrwxrwx. 1 root root           4 ноя 12 19:23  virtualbox -> VBox
lrwxrwxrwx. 1 root root           4 ноя 12 19:23  VirtualBox -> VBox
lrwxrwxrwx. 1 root root           4 ноя 12 19:23  virtualboxvm -> VBox
lrwxrwxrwx. 1 root root           4 ноя 12 19:23  VirtualBoxVM -> VBox
-rwxr-xr-x. 1 root root      262880 июл 14  2022  vkcube
-rwxr-xr-x. 1 root root      301608 июл 14  2022  vkcubepp
-rwxr-xr-x. 1 root root      263360 июл 14  2022  vkcube-wayland
-rwxr-xr-x. 1 root root       19840 июн  6  2024  vlc
-rwxr-xr-x. 1 root root       15560 июн  6  2024  vlc-wrapper
-rwxr-xr-x. 1 root root       20680 ноя 29  2020  vlock
-rwxr-xr-x. 1 root root       49432 июн 25  2024  vmhgfs-fuse
-rwxr-xr-x. 1 root root       40288 сен 25 16:24  vmstat
-rwxr-xr-x. 1 root root       10070 фев  6  2024  vm-support
-rwxr-xr-x. 1 root root       82256 июн 25  2024  vmtoolsd
-rwxr-xr-x. 1 root root       87072 июн 25  2024  vmware-alias-import
-rwxr-xr-x. 1 root root       15624 июн 25  2024  vmware-checkvm
-rwxr-xr-x. 1 root root       15696 июн 25  2024  vmware-hgfsclient
-rwxr-xr-x. 1 root root       23832 июн 25  2024  vmware-namespace-cmd
-rwxr-xr-x. 1 root root       19896 июн 25  2024  vmware-rpctool
-rwxr-xr-x. 1 root root       61328 июн 25  2024  vmware-toolbox-cmd
lrwxrwxrwx. 1 root root          24 июн 25  2024  vmware-user -> vmware-user-suid-wrapper
-rwsr-xr-x. 1 root root       15592 июн 25  2024  vmware-user-suid-wrapper
-rwxr-xr-x. 1 root root       19704 июн 25  2024  vmware-vgauth-cmd
-rwxr-xr-x. 1 root root       20328 июн 25  2024  vmware-vmblock-fuse
-rwxr-xr-x. 1 root root       34304 июн 25  2024  vmware-xferlogs
-rwxr-xr-x. 1 root root       23776 июн 25  2024  vmwgfxctrl
-rwxr-xr-x. 1 root root       83520 ноя 15  2023  vncconfig
-rwxr-xr-x. 1 root root       24064 ноя 15  2023  vncpasswd
-rwxr-xr-x. 1 root root       36680 фев 28  2024  vorbiscomment
-rwxr-xr-x. 1 root root       20376 окт 22  2020  vstp
-rwxr-xr-x. 1 root root      668856 июл 14  2022  vulkaninfo
-rwxr-xr-x. 1 root root       20256 июн  3  2022  vxloader
-rwxr-xr-x. 1 root root       23856 сен 25 16:24  w
-rwxr-xr-x. 1 root root          32 мая 24  2024  wait
-rwxr-xr-x. 1 root root       23840 мая 27  2024  wall
-rwxr-xr-x. 1 root root       28480 сен 25 16:24  watch
-rwxr-xr-x. 1 root root       19728 авг  7 16:23  watchgnupg
-rwxr-xr-x. 1 root root      103424 июл 22  2021  wavpack
-rwxr-xr-x. 1 root root       52832 ноя  7  2023  wbinfo
-rwxr-xr-x. 1 root root       44656 янв 25  2024  wc
-rwxr-xr-x. 1 root root       32144 мая 27  2024  wdctl
-rwxr-xr-x. 1 root root     1118640 окт 18 19:33  webidl2pas
-rwxr-xr-x. 1 root root      746088 сен 11 17:17  WebKitWebDriver
-rwxr-xr-x. 1 root root      870056 июн 17  2024  wget
-rwxr-xr-x. 1 root root       46840 сен 24  2020  whatis
-rwxr-xr-x. 1 root root       32672 мая 27  2024  whereis
-rwxr-xr-x. 1 root root       24336 мар  6  2020  which
-rwxr-xr-x. 1 root root       28848 ноя  9  2020  whiptail
lrwxrwxrwx. 1 root root           5 окт 30  2020  whirlpool-hash -> rhash
-rwxr-xr-x. 1 root root       52880 янв 25  2024  who
-rwxr-xr-x. 1 root root       32288 янв 25  2024  whoami
lrwxrwxrwx. 1 root root          22 авг 23  2023  wine -> /etc/alternatives/wine
-rwxr-xr-x. 1 root root       14760 фев 21  2024  wine32
-rwxr-xr-x. 1 root root       17788 фев 21  2024  wine32-preloader
-rwxr-xr-x. 1 root root       15576 фев 21  2024  wine64
-rwxr-xr-x. 1 root root       18080 фев 21  2024  wine64-preloader
-rwxr-xr-x. 1 root root        1953 фев 21  2024  wineboot
-rwxr-xr-x. 1 root root        1953 фев 21  2024  winecfg
-rwxr-xr-x. 1 root root        1953 фев 21  2024  wineconsole
-rwxr-xr-x. 1 root root        1953 фев 21  2024  winedbg
-rwxr-xr-x. 1 root root      309664 фев 21  2024  winedump
-rwxr-xr-x. 1 root root        1953 фев 21  2024  winefile
-rwxr-xr-x. 1 root root       95127 фев 21  2024  winemaker
-rwxr-xr-x. 1 root root        1953 фев 21  2024  winemine
-rwxr-xr-x. 1 root root        1953 фев 21  2024  winepath
lrwxrwxrwx. 1 root root          32 авг 23  2023  wine-preloader -> /etc/alternatives/wine-preloader
lrwxrwxrwx. 1 root root          28 авг 23  2023  wineserver -> /etc/alternatives/wineserver
-rwxr-xr-x. 1 root root      618648 фев 21  2024  wineserver32
-rwxr-xr-x. 1 root root      566256 фев 21  2024  wineserver64
-rwxr-xr-x. 1 root root      911418 фев 12  2023  winetricks
-rwxr-xr-x. 1 root root       37864 окт 27  2020  wipe
lrwxrwxrwx. 1 root root           7 июл 20  2020  wish -> wish8.6
-rwxr-xr-x. 1 root root        7552 июл 20  2020  wish8.6
-rwxr-xr-x. 1 root root         246 мар  5  2020  withsctp
-rwxr-xr-x. 1 root root       36680 ноя 19  2020  wmctrl
-rwxr-xr-x. 1 root root       16032 фев 26  2021  wmf2eps
-rwxr-xr-x. 1 root root       16024 фев 26  2021  wmf2fig
-rwxr-xr-x. 1 root root       16008 фев 26  2021  wmf2gd
-rwxr-xr-x. 1 root root       16064 фев 26  2021  wmf2svg
-rwxr-xr-x. 1 root root       11904 фев 26  2021  wmf2x
-rwxr-xr-x. 1 root root       16152 ноя  2  2022  wnck-urgency-monitor
-rwxr-xr-x. 1 root root      312112 ноя  2  2020  wodim
-rwxr-sr-x. 1 root tty        23848 мая 27  2024  write
-rwxr-xr-x. 1 root root      150152 ноя  1  2020  wvdial
-rwxr-xr-x. 1 root root       54008 ноя  1  2020  wvdialconf
-rwxr-xr-x. 1 root root       33560 июл 22  2021  wvgain
-rwxr-xr-x. 1 root root       37232 июл 22  2021  wvtag
-rwxr-xr-x. 1 root root       82792 июл 22  2021  wvunpack
lrwxrwxrwx. 1 root root           4 окт 30 20:28  X -> Xorg
-rwxr-xr-x. 1 root root      174704 дек 20  2023  x264
lrwxrwxrwx. 1 root root           7 мая 27  2024  x86_64 -> setarch
-rwxr-xr-x. 4 root root     1310056 окт  4  2023  x86_64-redhat-linux-c++
-rwxr-xr-x. 4 root root     1310056 окт  4  2023  x86_64-redhat-linux-g++
-rwxr-xr-x. 3 root root     1305832 окт  4  2023  x86_64-redhat-linux-gcc
-rwxr-xr-x. 3 root root     1305832 окт  4  2023  x86_64-redhat-linux-gcc-11
-rwxr-xr-x. 1 root root         829 сен  3 16:51  x86_64-redhat-linux-gnu-pkg-config
-rwxr-xr-x. 1 root root     1094560 дек 24  2020  x86_64-w64-mingw32-addr2line
-rwxr-xr-x. 2 root root     1123728 дек 24  2020  x86_64-w64-mingw32-ar
-rwxr-xr-x. 2 root root     1726072 дек 24  2020  x86_64-w64-mingw32-as
-rwxr-xr-x. 2 root root     1036168 дек 22  2020  x86_64-w64-mingw32-c++
-rwxr-xr-x. 1 root root     1093984 дек 24  2020  x86_64-w64-mingw32-c++filt
-rwxr-xr-x. 1 root root     1032080 дек 22  2020  x86_64-w64-mingw32-cpp
-rwxr-xr-x. 2 root root     1156992 дек 24  2020  x86_64-w64-mingw32-dlltool
-rwxr-xr-x. 1 root root       45824 дек 24  2020  x86_64-w64-mingw32-dllwrap
-rwxr-xr-x. 1 root root       33440 дек 24  2020  x86_64-w64-mingw32-elfedit
-rwxr-xr-x. 2 root root     1036168 дек 22  2020  x86_64-w64-mingw32-g++
-rwxr-xr-x. 2 root root     1032120 дек 22  2020  x86_64-w64-mingw32-gcc
-rwxr-xr-x. 2 root root     1032120 дек 22  2020  x86_64-w64-mingw32-gcc-9.2.1
-rwxr-xr-x. 1 root root       33296 дек 22  2020  x86_64-w64-mingw32-gcc-ar
-rwxr-xr-x. 1 root root       33296 дек 22  2020  x86_64-w64-mingw32-gcc-nm
-rwxr-xr-x. 1 root root       33296 дек 22  2020  x86_64-w64-mingw32-gcc-ranlib
-rwxr-xr-x. 1 root root      516528 дек 22  2020  x86_64-w64-mingw32-gcov
-rwxr-xr-x. 1 root root      436040 дек 22  2020  x86_64-w64-mingw32-gcov-dump
-rwxr-xr-x. 1 root root      457512 дек 22  2020  x86_64-w64-mingw32-gcov-tool
-rwxr-xr-x. 1 root root     1157784 дек 24  2020  x86_64-w64-mingw32-gprof
-rwxr-xr-x. 4 root root     1638128 дек 24  2020  x86_64-w64-mingw32-ld
-rwxr-xr-x. 4 root root     1638128 дек 24  2020  x86_64-w64-mingw32-ld.bfd
-rwxr-xr-x. 2 root root     1107704 дек 24  2020  x86_64-w64-mingw32-nm
-rwxr-xr-x. 2 root root     1235664 дек 24  2020  x86_64-w64-mingw32-objcopy
-rwxr-xr-x. 2 root root     2393736 дек 24  2020  x86_64-w64-mingw32-objdump
lrwxrwxrwx. 1 root root          16 мар 24  2022  x86_64-w64-mingw32-pkg-config -> /usr/bin/pkgconf
-rwxr-xr-x. 2 root root     1123712 дек 24  2020  x86_64-w64-mingw32-ranlib
-rwxr-xr-x. 2 root root      749056 дек 24  2020  x86_64-w64-mingw32-readelf
-rwxr-xr-x. 1 root root     1094272 дек 24  2020  x86_64-w64-mingw32-size
-rwxr-xr-x. 1 root root     1094384 дек 24  2020  x86_64-w64-mingw32-strings
-rwxr-xr-x. 2 root root     1235656 дек 24  2020  x86_64-w64-mingw32-strip
-rwxr-xr-x. 1 root root     1123800 дек 24  2020  x86_64-w64-mingw32-windmc
-rwxr-xr-x. 1 root root     1219384 дек 24  2020  x86_64-w64-mingw32-windres
-rwxr-xr-x. 1 root root       35840 сен 16 03:36  x86_energy_perf_policy
-rwxr-xr-x. 1 root root        2736 июн  8  2023  xapp-gpu-offload
-rwxr-xr-x. 1 root root       75432 дек  4  2020  xargs
-rwxr-xr-x. 1 root root       42168 сен  9  2020  xauth
-rwxr-xr-x. 1 root root      156976 окт 22  2020  xbrlapi
-rwxr-xr-x. 1 root root       50584 окт  1  2020  xdg-dbus-proxy
-rwxr-xr-x. 1 root root       21210 сен 30  2020  xdg-desktop-icon
-rwxr-xr-x. 1 root root       44567 сен 30  2020  xdg-desktop-menu
-rwxr-xr-x. 1 root root       27303 сен 30  2020  xdg-email
-rwxr-xr-x. 1 root root       30715 сен 30  2020  xdg-icon-resource
-rwxr-xr-x. 1 root root       42788 сен 30  2020  xdg-mime
-rwxr-xr-x. 1 root root       25762 сен 30  2020  xdg-open
-rwxr-xr-x. 1 root root       37884 сен 30  2020  xdg-screensaver
-rwxr-xr-x. 1 root root       38624 сен 30  2020  xdg-settings
-rwxr-xr-x. 1 root root         234 ноя  1  2020  xdg-user-dir
-rwxr-xr-x. 1 root root       20720 ноя  1  2020  xdg-user-dirs-gtk-update
-rwxr-xr-x. 1 root root       20480 ноя  1  2020  xdg-user-dirs-update
-rwxr-xr-x. 1 root root       37576 сен  6  2019  xdpyinfo
-rwxr-xr-x. 1 root root       11688 ноя 18  2020  xdriinfo
-rwxr-xr-x. 1 root root         430 ноя  1  2020  xerces-j2-constants
-rwxr-xr-x. 1 root root         424 ноя  1  2020  xerces-j2-version
-rwxr-xr-x. 1 root root       32424 сен  6  2019  xev
-rwxr-xr-x. 1 root root         672 июн  8  2023  xfce4-set-wallpaper
-rwxr-xr-x. 1 root root       11736 сен  9  2020  xgamma
-rwxr-xr-x. 1 root root      301752 авг 31  2020  xgettext
-rwxr-xr-x. 1 root root       16016 сен  9  2020  xhost
-rwxr-xr-x. 1 root root     3447488 июл 25  2023  xicclu
-rwxr-xr-x. 1 root root       20408 сен  9  2020  xinit
-rwxr-xr-x. 1 root root       54392 сен  9  2020  xinput
-rwxr-xr-x. 1 root root       11696 сен  9  2020  xisxwayland
-rwxr-xr-x. 1 root root      209480 сен  9  2020  xkbcomp
-rwxr-xr-x. 1 root root       15960 сен  9  2020  xkill
-rwxr-xr-x. 1 root root       11392 сен  6  2019  xlsatoms
-rwxr-xr-x. 1 root root       15656 сен  6  2019  xlsclients
-rwxr-xr-x. 1 root root       19784 сен  6  2019  xlsfonts
-rwxr-xr-x. 1 root root        1749 июл 23  2017  xml2-config
-rwxr-xr-x. 1 root root       23784 июн 26  2024  xmlcatalog
-rwxr-xr-x. 1 root root       74344 июн 26  2024  xmllint
-rwxr-xr-x. 1 root root         652 ноя  1  2020  xml-resolver
-rwxr-xr-x. 1 root root       72944 июл 22  2024  xmlsec1
-rwxr-xr-x. 1 root root       40656 дек  4 13:42  xmlwf
-rwxr-xr-x. 1 root root         650 ноя  1  2020  xml-xparse
-rwxr-xr-x. 1 root root         649 ноя  1  2020  xml-xread
-rwxr-xr-x. 1 root root       37456 сен  9  2020  xmodmap
-rwxr-xr-x. 1 root root         277 окт 30 20:27  Xorg
-rwxr--r--. 1 root root        1322 сен 10  2020  xorg-x11-fonts-update-dirs
-rwxr-xr-x. 1 root root       11712 ноя  1  2020  xprintidle
-rwxr-xr-x. 1 root root       39144 сен  6  2019  xprop
-rwxr-xr-x. 1 root root       56224 апр  6  2021  xqxdecode
-rwxr-xr-x. 1 root root       61832 сен  9  2020  xrandr
-rwxr-xr-x. 1 root root       28896 сен  9  2020  xrdb
-rwxr-xr-x. 1 root root       11776 сен  9  2020  xrefresh
-rwxr-xr-x. 1 root root       32472 окт 17  2018  xsel
-rwxr-xr-x. 1 root root       32760 сен  9  2020  xset
-rwxr-xr-x. 1 root root       11728 сен  9  2020  xsetpointer
-rwxr-xr-x. 1 root root       20176 сен  9  2020  xsetroot
-rwxr-xr-x. 1 root root       50656 ноя 23  2020  xsetwacom
-rwxr-xr-x. 1 root root       24496 сен 15  2020  xsltproc
-rwxr-xr-x. 1 root root       16480 сен  9  2020  xstdcmap
-rwxr-xr-x. 1 root root        5080 июл 22  2020  xsubpp
-rwxr-xr-x. 1 root root       11896 ноя  1  2020  xvattr
-rwxr-xr-x. 1 root root       15464 сен  6  2019  xvinfo
-rwxr-xr-x. 1 root root     2771656 ноя 15  2023  Xvnc
-rwxr-xr-x. 1 root root       45048 сен  6  2019  xwininfo
-rwxr-xr-x. 1 root root       24032 окт 11 20:44  xxd
-rwxr-xr-x. 1 root root       75608 окт 27  2020  xz
lrwxrwxrwx. 1 root root           2 окт 27  2020  xzcat -> xz
lrwxrwxrwx. 1 root root           6 окт 27  2020  xzcmp -> xzdiff
-rwxr-xr-x. 1 root root       11800 окт 27  2020  xzdec
-rwxr-xr-x. 1 root root        6632 окт 27  2020  xzdiff
lrwxrwxrwx. 1 root root           6 окт 27  2020  xzegrep -> xzgrep
lrwxrwxrwx. 1 root root           6 окт 27  2020  xzfgrep -> xzgrep
-rwxr-xr-x. 1 root root        5628 окт 27  2020  xzgrep
-rwxr-xr-x. 1 root root        1802 окт 27  2020  xzless
-rwxr-xr-x. 1 root root        2161 окт 27  2020  xzmore
-rwxr-xr-x. 1 root root       91504 авг 11  2020  yacc
-rwxr-xr-x. 1 root root      315904 окт 27  2023  yad
-rwxr-xr-x. 1 root root       32000 окт 27  2023  yad-icon-browser
-rwxr-xr-x. 1 root root        6590 окт 27  2023  yad-settings
-rwxr-xr-x. 1 root root       28880 окт 27  2023  yad-tools
lrwxrwxrwx. 1 root root          32 фев  3  2024  yandex-browser -> /etc/alternatives/yandex-browser
lrwxrwxrwx. 1 root root          34 дек 11 18:37  yandex-browser-stable -> /opt/yandex/browser/yandex-browser
-rwxr-xr-x. 1 root root       66272 мая 22  2023  yelp
-rwxr-xr-x. 1 root root       32128 янв 25  2024  yes
lrwxrwxrwx. 1 root root           8 окт 30  2020  ypdomainname -> hostname
lrwxrwxrwx. 1 root root           5 мая 27  2024  yum -> dnf-3
-rwxr-xr-x. 1 root root       16040 ноя  6  2020  zbarcam
-rwxr-xr-x. 1 root root       20248 ноя  6  2020  zbarimg
-rwxr-xr-x. 1 root root        1983 апр 14  2022  zcat
-rwxr-xr-x. 1 root root        1677 апр 14  2022  zcmp
-rwxr-xr-x. 1 root root        5879 апр 14  2022  zdiff
-rwxr-xr-x. 1 root root          29 апр 14  2022  zegrep
-rwxr-xr-x. 1 root root        1118 ноя  1  2020  zenheiset
-rwxr-xr-x. 1 root root      135352 июн  2  2023  zenity
-rwxr-xr-x. 1 root root          29 апр 14  2022  zfgrep
-rwxr-xr-x. 1 root root        2080 апр 14  2022  zforce
-rwxr-xr-x. 1 root root        7668 апр 14  2022  zgrep
-rwxr-xr-x. 1 root root      235384 мар  6  2020  zip
-rwxr-xr-x. 1 root root      108024 мар  6  2020  zipcloak
-rwxr-xr-x. 1 root root       50947 авг 10  2020  zipdetails
-rwxr-xr-x. 1 root root        2953 окт 11  2008  zipgrep
-rwxr-xr-x. 2 root root      189496 мар  6  2020  zipinfo
-rwxr-xr-x. 1 root root       99496 мар  6  2020  zipnote
-rwxr-xr-x. 1 root root      103592 мар  6  2020  zipsplit
-rwxr-xr-x. 1 root root       68552 апр  6  2021  zjsdecode
-rwxr-xr-x. 1 root root        2205 апр 14  2022  zless
-rwxr-xr-x. 1 root root        1841 апр 14  2022  zmore
-rwxr-xr-x. 1 root root        4552 апр 14  2022  znew
-rwxr-xr-x. 1 root root       87088 окт 14  2020  zoo
lrwxrwxrwx. 1 root root           6 мар  4  2020  zsoelim -> soelim
-rwxr-xr-x. 1 root root      874424 янв 17  2024  zstd
lrwxrwxrwx. 1 root root           4 янв 17  2024  zstdcat -> zstd
-rwxr-xr-x. 1 root root        3873 апр  5  2023  zstdgrep
-rwxr-xr-x. 1 root root         201 апр  5  2023  zstdless
lrwxrwxrwx. 1 root root           4 янв 17  2024  zstdmt -> zstd
-rwxr-xr-x. 1 root root      101448 ноя  1  2020  zvbi-atsc-cc
-rwxr-xr-x. 1 root root       11720 ноя  1  2020  zvbi-chains
-rwxr-xr-x. 1 root root      282184 ноя  1  2020  zvbi-ntsc-c

-rwxr-xr-x. 1 root root        2541 окт 26  2020  uz
lrwxrwxrwx. 1 root root           6 окт 26  2020  mattrib -> mtools
lrwxrwxrwx. 1 root root           6 окт 26  2020  mbadblocks -> mtools
lrwxrwxrwx. 1 root root           6 окт 26  2020  mcat -> mtools
lrwxrwxrwx. 1 root root           6 окт 26  2020  mcd -> mtools
lrwxrwxrwx. 1 root root           6 окт 26  2020  mclasserase -> mtools
lrwxrwxrwx. 1 root root           6 окт 26  2020  mcopy -> mtools
lrwxrwxrwx. 1 root root           6 окт 26  2020  mdel -> mtools
lrwxrwxrwx. 1 root root           6 окт 26  2020  mdeltree -> mtools
lrwxrwxrwx. 1 root root           6 окт 26  2020  mdir -> mtools
lrwxrwxrwx. 1 root root           6 окт 26  2020  mdu -> mtools
lrwxrwxrwx. 1 root root           6 окт 26  2020  mformat -> mtools
lrwxrwxrwx. 1 root root           6 окт 26  2020  minfo -> mtools
lrwxrwxrwx. 1 root root           6 окт 26  2020  mlabel -> mtools
lrwxrwxrwx. 1 root root           6 окт 26  2020  mmd -> mtools
lrwxrwxrwx. 1 root root           6 окт 26  2020  mmount -> mtools
lrwxrwxrwx. 1 root root           6 окт 26  2020  mmove -> mtools
lrwxrwxrwx. 1 root root           6 окт 26  2020  mpartition -> mtools
lrwxrwxrwx. 1 root root           6 окт 26  2020  mrd -> mtools
lrwxrwxrwx. 1 root root           6 окт 26  2020  mren -> mtools
lrwxrwxrwx. 1 root root           6 окт 26  2020  mshortname -> mtools
lrwxrwxrwx. 1 root root           6 окт 26  2020  mshowfat -> mtools
lrwxrwxrwx. 1 root root           6 окт 26  2020  mtoolstest -> mtools
lrwxrwxrwx. 1 root root           6 окт 26  2020  mtype -> mtools
lrwxrwxrwx. 1 root root           6 окт 26  2020  mzip -> mtools
-rwxr-xr-x. 1 root root       36944 окт 26  2020  diffstat
-rwxr-xr-x. 1 root root       68224 окт 26  2020  mousetweaks
-rwxr-xr-x. 1 root root      672232 окт 26  2020  cscope
-rwxr-xr-x. 1 root root        7281 окт 26  2020  ocs
-rwxr-xr-x. 1 root root        2086 окт 26  2020  run-parts
-rwx--s--x. 1 root slocate    40840 окт 26  2020  locate
-rwxr-xr-x. 1 root root       45000 окт 26  2020  updatedb
-rwxr-xr-x. 1 root root      330800 окт 25  2020  flex
lrwxrwxrwx. 1 root root           4 окт 25  2020  flex++ -> flex
lrwxrwxrwx. 1 root root           4 окт 25  2020  lex -> flex
lrwxrwxrwx. 1 root root           5 окт 23  2020  mail -> mailx
lrwxrwxrwx. 1 root root           5 окт 23  2020  Mail -> mailx
-rwxr-xr-x. 1 root root      368368 окт 23  2020  mailx
lrwxrwxrwx. 1 root root           5 окт 23  2020  nail -> mailx
-rwxr-xr-x. 1 root root       16024 окт 23  2020  m17n-conv
-rwxr-xr-x. 1 root root      171088 окт 23  2020  lsof
-rwxr-xr-x. 3 root root       68896 окт 23  2020  rb
-rwxr-xr-x. 3 root root       68896 окт 23  2020  rx
-rwxr-xr-x. 3 root root       68896 окт 23  2020  rz
-rwxr-xr-x. 3 root root       73056 окт 23  2020  sb
-rwxr-xr-x. 3 root root       73056 окт 23  2020  sx
-rwxr-xr-x. 3 root root       73056 окт 23  2020  sz
-rwxr-xr-x. 1 root root      591472 окт 23  2020  lp_solve
-rwxr-xr-x. 1 root root       16176 окт 23  2020  cd-convert
-rwxr-xr-x. 1 root root       16248 окт 23  2020  evdev-joystick
-rwxr-xr-x. 1 root root       15928 окт 23  2020  ffcfstress
-rwxr-xr-x. 1 root root       11848 окт 23  2020  ffmvforce
-rwxr-xr-x. 1 root root        7536 окт 23  2020  ffset
-rwxr-xr-x. 1 root root       15816 окт 23  2020  fftest
-rwxr-xr-x. 1 root root       28072 окт 23  2020  inputattach
-rwxr-xr-x. 1 root root       24696 окт 23  2020  jscal
-rwxr-xr-x. 1 root root        1459 окт 23  2020  jscal-restore
-rwxr-xr-x. 1 root root        2123 окт 23  2020  jscal-store
-rwxr-xr-x. 1 root root       16400 окт 23  2020  jstest
-rwxr-xr-x. 1 root root      721728 окт 22  2020  brltty
-rwxr-xr-x. 1 root root      148456 окт 22  2020  brltty-atb
-rwxr-xr-x. 1 root root      148352 окт 22  2020  brltty-cldr
-rwxr-xr-x. 1 root root      215176 окт 22  2020  brltty-ctb
-rwxr-xr-x. 1 root root      396768 окт 22  2020  brltty-ktb
-rwxr-xr-x. 1 root root      164816 окт 22  2020  brltty-lscmds
-rwxr-xr-x. 1 root root      144384 окт 22  2020  brltty-lsinc
-rwxr-xr-x. 1 root root      199480 окт 22  2020  brltty-morse
-rwxr-xr-x. 1 root root      177568 окт 22  2020  brltty-trtxt
-rwxr-xr-x. 1 root root      203024 окт 22  2020  brltty-ttb
-rwxr-xr-x. 1 root root      203648 окт 22  2020  brltty-tune
-rwxr-xr-x. 1 root root       24528 окт 22  2020  eutp
-rwxr-xr-x. 1 root root       20376 окт 22  2020  vstp
-rwxr-xr-x. 1 root root      156976 окт 22  2020  xbrlapi
-rwxr-xr-x. 1 root root        4441 окт 22  2020  brltty-config
-rwxr-xr-x. 1 root root       16072 окт 22  2020  libtar
-rwxr-xr-x. 1 root root      112768 окт 22  2020  simc_lsmplugin
-rwxr-xr-x. 1 root root       24368 окт 22  2020  lsmd
-rwxr-xr-x. 1 root root         945 окт 22  2020  lsmcli
-rwxr-xr-x. 1 root root        1251 окт 22  2020  sim_lsmplugin
-rwxr-xr-x. 1 root root      153056 окт 22  2020  boltctl
-rwxr-xr-x. 1 root root       37456 окт 21  2020  keyctl
-rwxr-xr-x. 1 root root       25392 окт 21  2020  blkiomon
-rwxr-xr-x. 1 root root       47808 окт 21  2020  blkparse
-rwxr-xr-x. 1 root root       15896 окт 21  2020  blkrawverify
-rwxr-xr-x. 1 root root       39528 окт 21  2020  blktrace
-rwxr-xr-x. 1 root root        3463 окт 21  2020  bno_plot.py
-rwxr-xr-x. 1 root root         891 окт 21  2020  btrace
-rwxr-xr-x. 1 root root       17008 окт 21  2020  btrecord
-rwxr-xr-x. 1 root root       25824 окт 21  2020  btreplay
-rwxr-xr-x. 1 root root       77904 окт 21  2020  btt
-rwxr-xr-x. 1 root root       11680 окт 21  2020  verify_blkparse
-rwxr-xr-x. 1 root root       24416 окт 21  2020  alac
lrwxrwxrwx. 1 root root          13 окт 21  2020  beesu -> consolehelper
-rwxr-xr-x. 1 root root       26016 окт 20  2020  iptc
-rwxr-xr-x. 1 root root       16048 окт 20  2020  hangul
-rwxr-xr-x. 1 root root       11784 окт 15  2020  bs2bconvert
-rwxr-xr-x. 1 root root       15976 окт 15  2020  bs2bstream
-rwxr-xr-x. 1 root root       71384 окт 14  2020  lzop
-rwxr-xr-x. 1 root root       28616 окт 14  2020  rzip
-rwxr-xr-x. 1 root root     2352040 окт 14  2020  lsar
-rwxr-xr-x. 1 root root     2339208 окт 14  2020  unar
-rwxr-xr-x. 1 root root       17288 окт 14  2020  fiz
-rwxr-xr-x. 1 root root       87088 окт 14  2020  zoo
-rwxr-xr-x. 1 root root       25384 окт 14  2020  compress
lrwxrwxrwx. 1 root root           8 окт 14  2020  uncompress -> compress
-rwxr-xr-x. 1 root root      128672 окт 14  2020  lzip
-rwxr-xr-x. 1 root root       25392 окт 14  2020  lha
-rwxr-xr-x. 1 root root      205144 окт 14  2020  arj
-rwxr-xr-x. 1 root root       13168 окт 14  2020  arjdisp
-rwxr-xr-x. 1 root root       61984 окт 14  2020  rearj
-rwxr-xr-x. 1 root root       15952 окт 14  2020  chacl
-rwxr-xr-x. 1 root root       25208 окт 14  2020  getfacl
-rwxr-xr-x. 1 root root       37952 окт 14  2020  setfacl
-rwxr-xr-x. 1 root root      517688 окт 13  2020  bison
-rwxr-xr-x. 5 root root       32264 окт 12  2020  sha1hmac
-rwxr-xr-x. 5 root root       32264 окт 12  2020  sha224hmac
-rwxr-xr-x. 5 root root       32264 окт 12  2020  sha256hmac
-rwxr-xr-x. 5 root root       32264 окт 12  2020  sha384hmac
-rwxr-xr-x. 5 root root       32264 окт 12  2020  sha512hmac
-rwxr-xr-x. 1 root root      101200 окт  9  2020  pinfo
-rwxr-xr-x. 1 root root       11536 окт  6  2020  showimage
-rwxr-xr-x. 1 root root       79264 окт  6  2020  gpgme-json
-rwxr-xr-x. 1 root root       15944 окт  6  2020  openal-info
-rwxr-xr-x. 1 root root       24792 окт  6  2020  playsound
-rwxr-xr-x. 1 root root       11736 окт  6  2020  playsound_simple
-rwxr-xr-x. 1 root root       15944 окт  6  2020  analyseplugin
-rwxr-xr-x. 1 root root       15992 окт  6  2020  applyplugin
-rwxr-xr-x. 1 root root       11744 окт  6  2020  listplugins
-rwxr-xr-x. 1 root root         663 окт  6  2020  gnome-shell-extension-prefs
-rwxr-xr-x. 1 root root       11880 окт  1  2020  genl-ctrl-list
-rwxr-xr-x. 1 root root       11952 окт  1  2020  idiag-socket-details
-rwxr-xr-x. 1 root root       12400 окт  1  2020  nf-ct-add
-rwxr-xr-x. 1 root root       11728 окт  1  2020  nf-ct-events
-rwxr-xr-x. 1 root root       16528 окт  1  2020  nf-ct-list
-rwxr-xr-x. 1 root root       16904 окт  1  2020  nf-exp-add
-rwxr-xr-x. 1 root root       16688 окт  1  2020  nf-exp-delete
-rwxr-xr-x. 1 root root       12432 окт  1  2020  nf-exp-list
-rwxr-xr-x. 1 root root       11832 окт  1  2020  nf-log
-rwxr-xr-x. 1 root root       11760 окт  1  2020  nf-monitor
-rwxr-xr-x. 1 root root       11856 окт  1  2020  nf-queue
-rwxr-xr-x. 1 root root       12272 окт  1  2020  nl-addr-add
-rwxr-xr-x. 1 root root       12336 окт  1  2020  nl-addr-delete
-rwxr-xr-x. 1 root root       16584 окт  1  2020  nl-addr-list
-rwxr-xr-x. 1 root root       12288 окт  1  2020  nl-class-add
-rwxr-xr-x. 1 root root       12168 окт  1  2020  nl-class-delete
-rwxr-xr-x. 1 root root       11896 окт  1  2020  nl-classid-lookup
-rwxr-xr-x. 1 root root       12096 окт  1  2020  nl-class-list
-rwxr-xr-x. 1 root root       12376 окт  1  2020  nl-cls-add
-rwxr-xr-x. 1 root root       12280 окт  1  2020  nl-cls-delete
-rwxr-xr-x. 1 root root       12192 окт  1  2020  nl-cls-list
-rwxr-xr-x. 1 root root       11992 окт  1  2020  nl-fib-lookup
-rwxr-xr-x. 1 root root        7544 окт  1  2020  nl-link-enslave
-rwxr-xr-x. 1 root root        7560 окт  1  2020  nl-link-ifindex2name
-rwxr-xr-x. 1 root root       12104 окт  1  2020  nl-link-list
-rwxr-xr-x. 1 root root        7544 окт  1  2020  nl-link-name2ifindex
-rwxr-xr-x. 1 root root        7544 окт  1  2020  nl-link-release
-rwxr-xr-x. 1 root root       12240 окт  1  2020  nl-link-set
-rwxr-xr-x. 1 root root       12000 окт  1  2020  nl-link-stats
-rwxr-xr-x. 1 root root       11656 окт  1  2020  nl-list-caches
-rwxr-xr-x. 1 root root        7560 окт  1  2020  nl-list-sockets
-rwxr-xr-x. 1 root root       11904 окт  1  2020  nl-monitor
-rwxr-xr-x. 1 root root       12128 окт  1  2020  nl-neigh-add
-rwxr-xr-x. 1 root root       12192 окт  1  2020  nl-neigh-delete
-rwxr-xr-x. 1 root root       12080 окт  1  2020  nl-neigh-list
-rwxr-xr-x. 1 root root       11856 окт  1  2020  nl-neightbl-list
-rwxr-xr-x. 1 root root       11936 окт  1  2020  nl-pktloc-lookup
-rwxr-xr-x. 1 root root       12192 окт  1  2020  nl-qdisc-add
-rwxr-xr-x. 1 root root       12168 окт  1  2020  nl-qdisc-delete
-rwxr-xr-x. 1 root root       12240 окт  1  2020  nl-qdisc-list
-rwxr-xr-x. 1 root root       12360 окт  1  2020  nl-route-add
-rwxr-xr-x. 1 root root       16576 окт  1  2020  nl-route-delete
-rwxr-xr-x. 1 root root       11768 окт  1  2020  nl-route-get
-rwxr-xr-x. 1 root root       12368 окт  1  2020  nl-route-list
-rwxr-xr-x. 1 root root       11888 окт  1  2020  nl-rule-list
-rwxr-xr-x. 1 root root       12104 окт  1  2020  nl-tctree-list
-rwxr-xr-x. 1 root root        7536 окт  1  2020  nl-util-addr
-rwxr-xr-x. 1 root root       28592 окт  1  2020  sensors
-rwxr-xr-x. 1 root root       13647 окт  1  2020  sensors-conf-convert
-rwxr-xr-x. 1 root root       16080 окт  1  2020  enchant
-rwxr-xr-x. 1 root root       11728 окт  1  2020  enchant-lsmod
-rwxr-xr-x. 1 root root       54280 окт  1  2020  udisksctl
-rwxr-xr-x. 1 root root       81312 окт  1  2020  gucharmap
-rwxr-xr-x. 1 root root       50584 окт  1  2020  xdg-dbus-proxy
-rwxr-xr-x. 1 root root       16088 окт  1  2020  upower
-rwxr-xr-x. 1 root root       16216 окт  1  2020  enchant-2
-rwxr-xr-x. 1 root root       11752 окт  1  2020  enchant-lsmod-2
-rwxr-xr-x. 1 root root      101360 окт  1  2020  hunspell
-rwxr-xr-x. 1 root root       21210 сен 30  2020  xdg-desktop-icon
-rwxr-xr-x. 1 root root       44567 сен 30  2020  xdg-desktop-menu
-rwxr-xr-x. 1 root root       27303 сен 30  2020  xdg-email
-rwxr-xr-x. 1 root root       30715 сен 30  2020  xdg-icon-resource
-rwxr-xr-x. 1 root root       42788 сен 30  2020  xdg-mime
-rwxr-xr-x. 1 root root       25762 сен 30  2020  xdg-open
-rwxr-xr-x. 1 root root       37884 сен 30  2020  xdg-screensaver
-rwxr-xr-x. 1 root root       38624 сен 30  2020  xdg-settings
-rwxr-xr-x. 1 root root       11688 сен 30  2020  mdb_copy
-rwxr-xr-x. 1 root root       16152 сен 30  2020  mdb_dump
-rwxr-xr-x. 1 root root       16232 сен 30  2020  mdb_load
-rwxr-xr-x. 1 root root       15928 сен 30  2020  mdb_stat
-rwxr-xr-x. 1 root root       16656 сен 30  2020  gjs-console
lrwxrwxrwx. 1 root root          11 сен 30  2020  gjs -> gjs-console
-rwxr-xr-x. 1 root root        9993 сен 29  2020  cpanel_json_xs
-rwxr-xr-x. 1 root root       16192 сен 25  2020  lua
-rwxr-xr-x. 1 root root      151600 сен 25  2020  luac
-rwxr-xr-x. 1 root root       20864 сен 24  2020  gdbm_dump
-rwxr-xr-x. 1 root root       25256 сен 24  2020  gdbm_load
-rwxr-xr-x. 1 root root      101648 сен 24  2020  gdbmtool
-rwxr-xr-x. 1 root root       37888 сен 24  2020  catman
-rwxr-xr-x. 1 root root       87352 сен 24  2020  lexgrog
-rwxr-xr-x. 1 root root      103184 сен 24  2020  man
-rwxr-xr-x. 1 root root      125488 сен 24  2020  mandb
-rwxr-xr-x. 1 root root       33592 сен 24  2020  manpath
-rwxr-xr-x. 1 root root       46840 сен 24  2020  whatis
lrwxrwxrwx. 1 root root           6 сен 24  2020  apropos -> whatis
-rwxr-xr-x. 1 root root       34968 сен 23  2020  ts_calibrate
-rwxr-xr-x. 1 root root       11792 сен 23  2020  ts_conf
-rwxr-xr-x. 1 root root       11712 сен 23  2020  ts_finddev
-rwxr-xr-x. 1 root root       26656 сен 23  2020  ts_harvest
-rwxr-xr-x. 1 root root       11704 сен 23  2020  ts_print
-rwxr-xr-x. 1 root root       11808 сен 23  2020  ts_print_mt
-rwxr-xr-x. 1 root root        7600 сен 23  2020  ts_print_raw
-rwxr-xr-x. 1 root root       26640 сен 23  2020  ts_test
-rwxr-xr-x. 1 root root       30792 сен 23  2020  ts_test_mt
-rwxr-xr-x. 1 root root       20120 сен 23  2020  ts_uinput
-rwxr-xr-x. 1 root root       15960 сен 23  2020  ts_verify
-rwxr-xr-x. 1 root root       11760 сен 23  2020  guile
lrwxrwxrwx. 1 root root           5 сен 23  2020  guile2 -> guile
lrwxrwxrwx. 1 root root          11 сен 23  2020  guile2-tools -> guile-tools
lrwxrwxrwx. 1 root root           5 сен 23  2020  guile-tools -> guild
-rwxr-xr-x. 1 root root        2868 сен 23  2020  guild
-rwxr-xr-x. 1 root root       87936 сен 22  2020  bc
-rwxr-xr-x. 1 root root       49880 сен 22  2020  dc
-rwxr-xr-x. 1 root root       76336 сен 21  2020  check-regexp
-rwxr-xr-x. 1 root root       77456 сен 21  2020  source-highlight
-rwxr-xr-x. 1 root root       16168 сен 21  2020  source-highlight-settings
-rwxr-xr-x. 1 root root          47 сен 21  2020  cpp2html
-rwxr-xr-x. 1 root root          48 сен 21  2020  java2html
-rwxr-xr-x. 1 root root        1017 сен 21  2020  source-highlight-esc.sh
-rwxr-xr-x. 1 root root         490 сен 21  2020  src-hilite-lesspipe.sh
-rwxr-xr-x. 1 root root       11816 сен 21  2020  paperconf
-rwxr-xr-x. 1 root root       11760 сен 20  2020  libieee1284_test
-rwxr-xr-x. 1 root root       12064 сен 20  2020  dumpiso
-rwxr-xr-x. 1 root root       12120 сен 20  2020  sendiso
-rwxr-xr-x. 1 root root       16072 сен 20  2020  testlibraw
-rwxr-xr-x. 1 root root       11816 сен 20  2020  plistutil
-rwxr-xr-x. 1 root root       33216 сен 20  2020  jackd
-rwxr-xr-x. 1 root root       16064 сен 20  2020  jackrec
-rwxr-xr-x. 1 root root       11808 сен 20  2020  db_archive
-rwxr-xr-x. 1 root root       11888 сен 20  2020  db_checkpoint
-rwxr-xr-x. 1 root root       11904 сен 20  2020  db_deadlock
-rwxr-xr-x. 1 root root       16024 сен 20  2020  db_dump
-rwxr-xr-x. 1 root root       66296 сен 20  2020  db_dump185
-rwxr-xr-x. 1 root root       16040 сен 20  2020  db_hotbackup
-rwxr-xr-x. 1 root root       28488 сен 20  2020  db_load
-rwxr-xr-x. 1 root root       16016 сен 20  2020  db_log_verify
-rwxr-xr-x. 1 root root       33352 сен 20  2020  db_printlog
-rwxr-xr-x. 1 root root       11920 сен 20  2020  db_recover
-rwxr-xr-x. 1 root root       16032 сен 20  2020  db_replicate
-rwxr-xr-x. 1 root root       15936 сен 20  2020  db_stat
-rwxr-xr-x. 1 root root       20088 сен 20  2020  db_tuner
-rwxr-xr-x. 1 root root       11832 сен 20  2020  db_upgrade
-rwxr-xr-x. 1 root root       11840 сен 20  2020  db_verify
-rwxr-xr-x. 1 root root       11792 сен 19  2020  sndfile-resample
-rwxr-xr-x. 1 root root       37776 сен 18  2020  ibus
-rwxr-xr-x. 1 root root      186080 сен 18  2020  ibus-daemon
-rwxr-xr-x. 1 root root        1171 сен 18  2020  ibus-setup
-rwxr-xr-x. 1 root root        1161 сен 18  2020  netaddr
-rwxr-xr-x. 1 root root     1681824 сен 18  2020  swig
-rwxr-xr-x. 1 root root      190088 сен 18  2020  bt-adapter
-rwxr-xr-x. 1 root root      186008 сен 18  2020  bt-agent
-rwxr-xr-x. 1 root root      194640 сен 18  2020  bt-device
-rwxr-xr-x. 1 root root      185968 сен 18  2020  bt-network
-rwxr-xr-x. 1 root root      194368 сен 18  2020  bt-obex
-rwxr-xr-x. 1 root root       20416 сен 18  2020  time
-rwsr-xr-x. 1 root root       54112 сен 18  2020  at
lrwxrwxrwx. 1 root root           2 сен 18  2020  atq -> at
lrwxrwxrwx. 1 root root           2 сен 18  2020  atrm -> at
-rwxr-xr-x. 1 root root         137 сен 18  2020  batch
-rwxr-xr-x. 1 root root      835200 сен 16  2020  dconf-editor
-rwxr-xr-x. 1 root root       29064 сен 16  2020  libgtop_daemon2
-rwxr-xr-x. 1 root root       16272 сен 16  2020  libgtop_server2
-rwsr-xr-x. 1 root root       32944 сен 15  2020  fusermount
-rwxr-xr-x. 1 root root       16040 сен 15  2020  ulockmgr_server
-rwsr-xr-x. 1 root root       32936 сен 15  2020  fusermount3
-rwxr-xr-x. 1 root root       58560 сен 15  2020  gconf-merge-tree
-rwxr-xr-x. 1 root root       62296 сен 15  2020  gconftool-2
-rwxr-xr-x. 1 root root       20576 сен 15  2020  gsettings-data-convert
-rwxr-xr-x. 1 root root       20472 сен 15  2020  secret-tool
-rwxr-xr-x. 1 root root       32664 сен 15  2020  gpg-error
-rwxr-xr-x. 1 root root       31150 сен 15  2020  intltool-extract
-rwxr-xr-x. 1 root root        7152 сен 15  2020  intltoolize
-rwxr-xr-x. 1 root root       39876 сен 15  2020  intltool-merge
-rwxr-xr-x. 1 root root        8605 сен 15  2020  intltool-prepare
-rwxr-xr-x. 1 root root       35553 сен 15  2020  intltool-update
-rwxr-xr-x. 1 root root       16104 сен 15  2020  notify-send
-rwxr-xr-x. 1 root root       24496 сен 15  2020  xsltproc
-rwxr-xr-x. 1 root root       54584 сен 14  2020  dconf
-rwxr-xr-x. 1 root root          54 сен 12  2020  gnome-session-custom-session
-rwxr-xr-x. 1 root root       45496 сен 10  2020  bdftopcf
-rwxr-xr-x. 1 root root       37160 сен 10  2020  fonttosfnt
-rwxr-xr-x. 1 root root       37616 сен 10  2020  mkfontscale
-rwxr-xr-x. 1 root root       20152 сен 10  2020  ucs2any
-rwxr--r--. 1 root root        1322 сен 10  2020  xorg-x11-fonts-update-dirs
-rwxr-xr-x. 1 root root          65 сен 10  2020  mkfontdir
-rwxr-xr-x. 1 root root       11912 сен  9  2020  libwacom-list-local-devices
-rwxr-xr-x. 1 root root       32824 сен  9  2020  iceauth
-rwxr-xr-x. 1 root root       11832 сен  9  2020  sessreg
-rwxr-xr-x. 1 root root       11736 сен  9  2020  xgamma
-rwxr-xr-x. 1 root root       16016 сен  9  2020  xhost
-rwxr-xr-x. 1 root root       54392 сен  9  2020  xinput
-rwxr-xr-x. 1 root root       11696 сен  9  2020  xisxwayland
-rwxr-xr-x. 1 root root       15960 сен  9  2020  xkill
-rwxr-xr-x. 1 root root       37456 сен  9  2020  xmodmap
-rwxr-xr-x. 1 root root       61832 сен  9  2020  xrandr
-rwxr-xr-x. 1 root root       28896 сен  9  2020  xrdb
-rwxr-xr-x. 1 root root       11776 сен  9  2020  xrefresh
-rwxr-xr-x. 1 root root       32760 сен  9  2020  xset
-rwxr-xr-x. 1 root root       11728 сен  9  2020  xsetpointer
-rwxr-xr-x. 1 root root       20176 сен  9  2020  xsetroot
-rwxr-xr-x. 1 root root       16480 сен  9  2020  xstdcmap
-rwxr-xr-x. 1 root root       24808 сен  9  2020  setxkbmap
-rwxr-xr-x. 1 root root      209480 сен  9  2020  xkbcomp
-rwxr-xr-x. 1 root root       20408 сен  9  2020  xinit
-rwxr-xr-x. 1 root root        5650 сен  9  2020  startx
-rwxr-xr-x. 1 root root       42168 сен  9  2020  xauth
-rwxr-xr-x. 1 root root       24600 сен  7  2020  rapper
-rwxr-xr-x. 1 root root       11008 сен  2  2020  gtk-query-immodules-2.0-32
-rwxr-xr-x. 1 root root      198096 сен  2  2020  gtk-demo
-rwxr-xr-x. 1 root root       16000 сен  2  2020  gtk-query-immodules-2.0-64
-rwxr-xr-x. 1 root root         313 сен  2  2020  update-gtk-immodules
-rwxr-xr-x. 1 root root       28809 сен  2  2020  gtk-builder-convert
-rwxr-xr-x. 1 root root       37248 авг 31  2020  envsubst
-rwxr-xr-x. 1 root root       37192 авг 31  2020  gettext
-rwxr-xr-x. 1 root root       24320 авг 31  2020  msgattrib
-rwxr-xr-x. 1 root root       24296 авг 31  2020  msgcat
-rwxr-xr-x. 1 root root       24568 авг 31  2020  msgcmp
-rwxr-xr-x. 1 root root       20192 авг 31  2020  msgcomm
-rwxr-xr-x. 1 root root       20176 авг 31  2020  msgconv
-rwxr-xr-x. 1 root root       20168 авг 31  2020  msgen
-rwxr-xr-x. 1 root root       16104 авг 31  2020  msgexec
-rwxr-xr-x. 1 root root       28664 авг 31  2020  msgfilter
-rwxr-xr-x. 1 root root       83504 авг 31  2020  msgfmt
-rwxr-xr-x. 1 root root      108224 авг 31  2020  msggrep
-rwxr-xr-x. 1 root root       45896 авг 31  2020  msginit
-rwxr-xr-x. 1 root root       54328 авг 31  2020  msgmerge
-rwxr-xr-x. 1 root root       32896 авг 31  2020  msgunfmt
-rwxr-xr-x. 1 root root       20184 авг 31  2020  msguniq
-rwxr-xr-x. 1 root root       37208 авг 31  2020  ngettext
-rwxr-xr-x. 1 root root       15976 авг 31  2020  recode-sr-latin
-rwxr-xr-x. 1 root root      301752 авг 31  2020  xgettext
-rwxr-xr-x. 1 root root       26994 авг 31  2020  autopoint
-rwxr-xr-x. 1 root root       42233 авг 31  2020  gettextize
-rwxr-xr-x. 1 root root        5188 авг 31  2020  gettext.sh
-rwxr-xr-x. 1 root root       16096 авг 31  2020  trietool
lrwxrwxrwx. 1 root root           8 авг 31  2020  trietool-0.2 -> trietool
-rwxr-xr-x. 1 root root       11536 авг 31  2020  usleep
lrwxrwxrwx. 1 root root           4 авг 27  2020  csh -> tcsh
-rwxr-xr-x. 1 root root      432736 авг 27  2020  tcsh
-rwxr-xr-x. 1 root root       33000 авг 25  2020  bzip2
-rwxr-xr-x. 1 root root       11840 авг 25  2020  bzip2recover
lrwxrwxrwx. 1 root root           5 авг 25  2020  bunzip2 -> bzip2
lrwxrwxrwx. 1 root root           5 авг 25  2020  bzcat -> bzip2
lrwxrwxrwx. 1 root root           6 авг 25  2020  bzcmp -> bzdiff
-rwxr-xr-x. 1 root root        2140 авг 25  2020  bzdiff
lrwxrwxrwx. 1 root root           6 авг 25  2020  bzegrep -> bzgrep
lrwxrwxrwx. 1 root root           6 авг 25  2020  bzfgrep -> bzgrep
-rwxr-xr-x. 1 root root        2054 авг 25  2020  bzgrep
lrwxrwxrwx. 1 root root           6 авг 25  2020  bzless -> bzmore
-rwxr-xr-x. 1 root root        1259 авг 25  2020  bzmore
-rwxr-xr-x. 1 root root        4659 авг 25  2020  bznew
-rwxr-xr-x. 1 root root        7013 авг 12  2020  json_xs
-rwxr-xr-x. 1 root root       50296 авг 11  2020  ed
-rwxr-xr-x. 1 root root          89 авг 11  2020  red
-rwxr-xr-x. 1 root root      246200 авг 11  2020  ctags
lrwxrwxrwx. 1 root root           4 авг 11  2020  byacc -> yacc
-rwxr-xr-x. 1 root root       91504 авг 11  2020  yacc
-rwxr-xr-x. 1 root root       33456 авг 11  2020  a52dec
-rwxr-xr-x. 1 root root       15816 авг 11  2020  extract_a52
-rwxr-xr-x. 1 root root        3658 авг 10  2020  podchecker
-rwxr-xr-x. 1 root root       14995 авг 10  2020  corelist
-rwxr-xr-x. 1 root root       50947 авг 10  2020  zipdetails
-rwxr-xr-x. 1 root root          74 июл 27  2020  unarj
-rwxr-xr-x. 1 root root        1043 июл 23  2020  crc32
-rwxr-xr-x. 1 root root        2527 июл 23  2020  podselect
-rwxr-xr-x. 1 root root        4896 июл 22  2020  json_pp
-rwxr-xr-x. 1 root root       13562 июл 22  2020  prove
-rwxr-xr-x. 1 root root        4194 июл 22  2020  instmodsh
-rwxr-xr-x. 1 root root        5080 июл 22  2020  xsubpp
-rwxr-xr-x. 1 root root       15034 июл 21  2020  pod2man
-rwxr-xr-x. 1 root root       10803 июл 21  2020  pod2text
-rwxr-xr-x. 1 root root       23289 июл 20  2020  bond2team
-rwxr-xr-x. 1 root root        7552 июл 20  2020  wish8.6
lrwxrwxrwx. 1 root root           7 июл 20  2020  wish -> wish8.6
-rwxr-xr-x. 1 root root        7512 июл 17  2020  tclsh8.6
lrwxrwxrwx. 1 root root           8 июл 17  2020  tclsh -> tclsh8.6
-rwxr-xr-x. 1 root root         118 июл 13  2020  perldoc
-rwxr-xr-x. 1 root root        3948 июл 13  2020  pod2usage
-rwxr-xr-x. 1 root root       41996 июл 12  2020  enc2xs
-rwxr-xr-x. 1 root root        2980 июл 12  2020  encguess
-rwxr-xr-x. 1 root root        8271 июл 12  2020  piconv
-rwxr-xr-x. 1 root root        3456 июл 11  2020  ptar
-rwxr-xr-x. 1 root root        2535 июл 11  2020  ptardiff
-rwxr-xr-x. 1 root root        4299 июл 11  2020  ptargrep
-rwxr-xr-x. 1 root root        9892 июл 10  2020  shasum
-rwxr-xr-x. 1 root root        2138 июл  2  2020  pcre-config
-rwxr-xr-x. 1 root root          87 июн 19  2020  update-crypto-policies
lrwxrwxrwx. 1 root root          24 апр 15  2020  eclipse -> /usr/lib/eclipse/eclipse
-rwxr-xr-x. 1 root root      418200 апр  2  2020  checkmodule
-rwxr-xr-x. 1 root root      475928 апр  2  2020  checkpolicy
-rwxr-xr-x. 1 root root      264024 апр  2  2020  sedismod
-rwxr-xr-x. 1 root root      189096 апр  2  2020  sedispol
-rwxr-xr-x. 1 root root      235384 мар  6  2020  zip
-rwxr-xr-x. 1 root root      108024 мар  6  2020  zipcloak
-rwxr-xr-x. 1 root root       99496 мар  6  2020  zipnote
-rwxr-xr-x. 1 root root      103592 мар  6  2020  zipsplit
-rwxr-xr-x. 1 root root       24336 мар  6  2020  which
-rwxr-xr-x. 1 root root       36144 мар  6  2020  funzip
-rwxr-xr-x. 2 root root      189496 мар  6  2020  unzip
-rwxr-xr-x. 1 root root       94776 мар  6  2020  unzipsfx
-rwxr-xr-x. 2 root root      189496 мар  6  2020  zipinfo
-rwxr-xr-x. 1 root root       33264 мар  6  2020  soundstretch
-rwxr-xr-x. 1 root root      117352 мар  5  2020  sed
-rwxr-xr-x. 1 root root       24672 мар  5  2020  killall
-rwxr-xr-x. 1 root root       11376 мар  5  2020  peekfd
-rwxr-xr-x. 1 root root       15528 мар  5  2020  prtstat
-rwxr-xr-x. 1 root root       11328 мар  5  2020  pslog
-rwxr-xr-x. 1 root root       28440 мар  5  2020  pstree
lrwxrwxrwx. 1 root root           6 мар  5  2020  pstree.x11 -> pstree
-rwxr-xr-x. 1 root root      155064 мар  5  2020  kmod
-rwxr-xr-x. 1 root root      183968 мар  5  2020  patch
-rwxr-xr-x. 1 root root        7096 мар  5  2020  checksctp
-rwxr-xr-x. 1 root root       41448 мар  5  2020  sctp_darn
-rwxr-xr-x. 1 root root       24144 мар  5  2020  sctp_status
-rwxr-xr-x. 1 root root       32504 мар  5  2020  sctp_test
-rwxr-xr-x. 1 root root         246 мар  5  2020  withsctp
-rwxr-xr-x. 1 root root      147952 мар  4  2020  eqn
-rwxr-xr-x. 1 root root       83696 мар  4  2020  groff
-rwxr-xr-x. 1 root root      144344 мар  4  2020  grops
-rwxr-xr-x. 1 root root      101024 мар  4  2020  grotty
-rwxr-xr-x. 1 root root      180608 мар  4  2020  pic
-rwxr-xr-x. 1 root root      188136 мар  4  2020  post-grohtml
-rwxr-xr-x. 1 root root       41800 мар  4  2020  preconv
-rwxr-xr-x. 1 root root       88376 мар  4  2020  pre-grohtml
-rwxr-xr-x. 1 root root       33352 мар  4  2020  soelim
-rwxr-xr-x. 1 root root      114760 мар  4  2020  tbl
-rwxr-xr-x. 1 root root      521240 мар  4  2020  troff
lrwxrwxrwx. 1 root root           3 мар  4  2020  geqn -> eqn
lrwxrwxrwx. 1 root root           4 мар  4  2020  gneqn -> neqn
lrwxrwxrwx. 1 root root           5 мар  4  2020  gnroff -> nroff
lrwxrwxrwx. 1 root root           3 мар  4  2020  gpic -> pic
lrwxrwxrwx. 1 root root           6 мар  4  2020  gsoelim -> soelim
lrwxrwxrwx. 1 root root           3 мар  4  2020  gtbl -> tbl
lrwxrwxrwx. 1 root root           5 мар  4  2020  gtroff -> troff
lrwxrwxrwx. 1 root root           6 мар  4  2020  zsoelim -> soelim
-rwxr-xr-x. 1 root root        3312 мар  4  2020  nroff
-rwxr-xr-x. 1 root root         908 мар  4  2020  neqn
-rwxr-xr-x. 1 root root       27534 мар  3  2020  sealert
-rwxr-xr-x. 1 root root       45168 мар  3  2020  cmp
-rwxr-xr-x. 1 root root      150384 мар  3  2020  diff
-rwxr-xr-x. 1 root root       62120 мар  3  2020  diff3
-rwxr-xr-x. 1 root root       49560 мар  3  2020  sdiff
-rwxr-xr-x. 1 root root      100888 мар  3  2020  dbus-binding-tool
-rwxr-xr-x. 1 root root       23584 мар  2  2020  cd-create-profile
-rwxr-xr-x. 1 root root       23736 мар  2  2020  cd-fix-profile
-rwxr-xr-x. 1 root root       11208 мар  2  2020  cd-iccdump
-rwxr-xr-x. 1 root root       23600 мар  2  2020  cd-it8
-rwxr-xr-x. 1 root root       56784 мар  2  2020  colormgr
-rwxr-xr-x. 1 root root       62352 мар  2  2020  cdparanoia
-rwxr-xr-x. 1 root root       11368 фев 29  2020  attr
-rwxr-xr-x. 1 root root       20496 фев 29  2020  getfattr
-rwxr-xr-x. 1 root root       16056 фев 29  2020  setfattr
-rwxr-xr-x. 1 root root        5534 дек  3  2019  seapplet
-rwxr-xr-x. 1 root root      155056 окт 14  2019  m4
-rwxr-xr-x. 1 root root          28 сен 28  2019  egrep
-rwxr-xr-x. 1 root root          28 сен 28  2019  fgrep
-rwxr-xr-x. 1 root root      163176 сен 28  2019  grep
-rwxr-xr-x. 1 root root       42072 сен  6  2019  edid-decode
-rwxr-xr-x. 1 root root       37576 сен  6  2019  xdpyinfo
-rwxr-xr-x. 1 root root       32424 сен  6  2019  xev
-rwxr-xr-x. 1 root root       11392 сен  6  2019  xlsatoms
-rwxr-xr-x. 1 root root       15656 сен  6  2019  xlsclients
-rwxr-xr-x. 1 root root       19784 сен  6  2019  xlsfonts
-rwxr-xr-x. 1 root root       39144 сен  6  2019  xprop
-rwxr-xr-x. 1 root root       15464 сен  6  2019  xvinfo
-rwxr-xr-x. 1 root root       45048 сен  6  2019  xwininfo
-rwxr-xr-x. 1 root root        4100 мая  7  2019  usb-devices
-rwxr-xr-x. 1 root root        1821 мар 19  2019  strace-log-merge
-rwxr-xr-x. 1 root root       32472 окт 17  2018  xsel
-rwxr-xr-x. 1 root root       28784 окт  1  2018  cabextract
-rwxr-xr-x. 1 root root        7128 июл 17  2018  lilv-bench
-rwxr-xr-x. 1 root root       15600 июл 17  2018  lv2bench
-rwxr-xr-x. 1 root root       19928 июл 17  2018  lv2info
-rwxr-xr-x. 1 root root       11288 июл 17  2018  lv2ls
-rwxr-xr-x. 1 root root       11408 июл 17  2018  sordi
-rwxr-xr-x. 1 root root       23952 июл 17  2018  sord_validate
-rwxr-xr-x. 1 root root       15640 июл 17  2018  serdi
-rwxr-xr-x. 2 root root      115968 июн 29  2018  pigz
-rwxr-xr-x. 2 root root      115968 июн 29  2018  unpigz
-rwxr-xr-x. 1 root root         262 авг 25  2017  scl_enabled
-rwxr-xr-x. 1 root root        1874 авг 25  2017  scl_source
-rwxr-xr-x. 1 root root        1749 июл 23  2017  xml2-config
-rwxr-xr-x. 1 root root       29536 мар 10  2017  fpaste
-rwxr-xr-x. 1 root root         435 фев  3  2016  antlr
-rw-r--r--. 1 root root         576 фев 29  2012  redhat_lsb_init
-rwxr-xr-x. 1 root root         363 фев 27  2012  unicode_stop
-rwxr-xr-x. 1 root root        2953 окт 11  2008  zipgrep
-rwxr-xr-x. 1 root root        3858 июн 28  2001  cscope-indexer
-rwxr-xr-x. 1 root root         269 ноя 17  2000  sgmlwhich
-rwxr-xr-x. 1 root root        6843 ноя  7  2000  test_ppa
-rwxr-xr-x. 1 root root        3584 сен  8  2000  detect_ppa
[311u12@311U12 bin]$ 

-rwxr-xr-x. 1 root root      119528 июл 29  2024  nslookup
-rwxr-xr-x. 1 root root       15624 июл 29  2024  nsec3hash
-rwxr-xr-x. 1 root root       15544 июл 29  2024  named-nzd2nzf
-rwxr-xr-x. 2 root root       32168 июл 29  2024  named-compilezone
-rwxr-xr-x. 2 root root       32168 июл 29  2024  named-checkzone
-rwxr-xr-x. 1 root root      123672 июл 29  2024  host
-rwxr-xr-x. 1 root root       23824 июл 29  2024  dnstap-read
-rwxr-xr-x. 1 root root      152400 июл 29  2024  dig
-rwxr-xr-x. 1 root root       46992 июл 29  2024  delv
-rwxr-xr-x. 1 root root       15536 июл 29  2024  arpaname
-rwxr-xr-x. 1 root root        4288 июл 29  2024  cpan-mirrors
-rwxr-xr-x. 1 root root        8258 июл 29  2024  cpan
-rwxr-xr-x. 1 root root      129199 июл 30  2024  libtoolize
-rwxr-xr-x. 1 root root      367694 июл 30  2024  libtool
lrwxrwxrwx. 1 root root           4 авг  1 14:54  gmake -> make
-rwxr-xr-x. 1 root root      291360 авг  1 14:54  make
-rwxr-xr-x. 1 root root      501992 авг  1 15:36  speak-ng
-rwxr-xr-x. 1 root root       28648 авг  1 15:36  espeak-ng
lrwxrwxrwx. 1 root root          10 авг  6 20:41  ldapadd -> ldapmodify
-rwxr-xr-x. 1 root root       61048 авг  6 20:41  ldapwhoami
-rwxr-xr-x. 1 root root       15560 авг  6 20:41  ldapurl
-rwxr-xr-x. 1 root root       85728 авг  6 20:41  ldapsearch
-rwxr-xr-x. 1 root root       61072 авг  6 20:41  ldappasswd
-rwxr-xr-x. 1 root root       61048 авг  6 20:41  ldapmodrdn
-rwxr-xr-x. 1 root root       69288 авг  6 20:41  ldapmodify
-rwxr-xr-x. 1 root root       61072 авг  6 20:41  ldapexop
-rwxr-xr-x. 1 root root       65192 авг  6 20:41  ldapdelete
-rwxr-xr-x. 1 root root       61056 авг  6 20:41  ldapcompare
-rwxr-xr-x. 1 root root        3529 авг  7 16:23  gpg-zip
lrwxrwxrwx. 1 root root           4 авг  7 16:23  gpgv2 -> gpgv
lrwxrwxrwx. 1 root root           3 авг  7 16:23  gpg2 -> gpg
-rwxr-xr-x. 1 root root       19728 авг  7 16:23  watchgnupg
-rwxr-xr-x. 1 root root       70096 авг  7 16:23  kbxutil
-rwxr-xr-x. 1 root root      124576 авг  7 16:23  gpg-wks-server
-rwxr-xr-x. 1 root root      286248 авг  7 16:23  gpgv
-rwxr-xr-x. 1 root root       40792 авг  7 16:23  gpgsplit
-rwxr-xr-x. 1 root root      438912 авг  7 16:23  gpgsm
-rwxr-xr-x. 1 root root       36248 авг  7 16:23  gpgparsemail
-rwxr-xr-x. 1 root root       91016 авг  7 16:23  gpg-connect-agent
-rwxr-xr-x. 1 root root      135928 авг  7 16:23  gpgconf
-rwxr-xr-x. 1 root root      337808 авг  7 16:23  gpg-agent
-rwxr-xr-x. 1 root root     1051080 авг  7 16:23  gpg
-rwxr-xr-x. 1 root root      133856 авг  7 16:23  g13
-rwxr-xr-x. 1 root root       65968 авг  7 16:23  dirmngr-client
-rwxr-xr-x. 1 root root      454272 авг  7 16:23  dirmngr
-rwxr-xr-x. 1 root root       74000 авг 16 14:59  bwrap
-rwxr-xr-x. 1 root root       23944 авг 20 14:21  stl2gts
-rwxr-xr-x. 1 root root       16072 авг 20 14:21  gtstransform
-rwxr-xr-x. 1 root root        6113 авг 20 14:21  gtstemplate
-rwxr-xr-x. 1 root root       28400 авг 20 14:21  gtshapprox
-rwxr-xr-x. 1 root root       32584 авг 20 14:21  gtsdelaunay
-rwxr-xr-x. 1 root root       28248 авг 20 14:21  gtscompare
-rwxr-xr-x. 1 root root       15672 авг 20 14:21  gtscheck
-rwxr-xr-x. 1 root root       15560 авг 20 14:21  gts2xyz
-rwxr-xr-x. 1 root root       15720 авг 20 14:21  gts2stl
-rwxr-xr-x. 1 root root       37176 авг 20 14:21  gts2oogl
-rwxr-xr-x. 1 root root       15568 авг 20 14:21  gts2dxf
-rwxr-xr-x. 1 root root        1162 авг 20 14:53  vimdot
lrwxrwxrwx. 1 root root           3 авг 20 14:54  twopi -> dot
lrwxrwxrwx. 1 root root           3 авг 20 14:54  sfdp -> dot
lrwxrwxrwx. 1 root root           3 авг 20 14:54  patchwork -> dot
lrwxrwxrwx. 1 root root           3 авг 20 14:54  osage -> dot
lrwxrwxrwx. 1 root root           3 авг 20 14:54  neato -> dot
lrwxrwxrwx. 1 root root           3 авг 20 14:54  fdp -> dot
lrwxrwxrwx. 1 root root           3 авг 20 14:54  circo -> dot
lrwxrwxrwx. 1 root root           6 авг 20 14:54  gxl2dot -> gxl2gv
lrwxrwxrwx. 1 root root           6 авг 20 14:54  gv2gxl -> gxl2gv
lrwxrwxrwx. 1 root root           6 авг 20 14:54  dot2gxl -> gxl2gv
-rwxr-xr-x. 1 root root       15680 авг 20 14:54  unflatten
-rwxr-xr-x. 1 root root       19792 авг 20 14:54  tred
-rwxr-xr-x. 1 root root       23896 авг 20 14:54  sccmap
-rwxr-xr-x. 1 root root       15720 авг 20 14:54  prune
-rwxr-xr-x. 1 root root       15640 авг 20 14:54  nop
-rwxr-xr-x. 1 root root       40392 авг 20 14:54  mm2gv
-rwxr-xr-x. 1 root root       44952 авг 20 14:54  gxl2gv
-rwxr-xr-x. 1 root root       15512 авг 20 14:54  gvpr
-rwxr-xr-x. 1 root root      458368 авг 20 14:54  gvpack
-rwxr-xr-x. 1 root root      326136 авг 20 14:54  gvmap
-rwxr-xr-x. 1 root root       28032 авг 20 14:54  gvgen
-rwxr-xr-x. 1 root root       50736 авг 20 14:54  gvcolor
-rwxr-xr-x. 1 root root       28024 авг 20 14:54  gv2gml
-rwxr-xr-x. 1 root root       28200 авг 20 14:54  graphml2gv
-rwxr-xr-x. 1 root root       48896 авг 20 14:54  gml2gv
-rwxr-xr-x. 1 root root       19800 авг 20 14:54  gc
-rwxr-xr-x. 1 root root      138968 авг 20 14:54  edgepaint
-rwxr-xr-x. 1 root root       15544 авг 20 14:54  dot
-rwxr-xr-x. 1 root root       19864 авг 20 14:54  dijkstra
-rwxr-xr-x. 1 root root       15584 авг 20 14:54  diffimg
-rwxr-xr-x. 1 root root       48768 авг 20 14:54  cluster
-rwxr-xr-x. 1 root root       28072 авг 20 14:54  ccomps
-rwxr-xr-x. 1 root root       23912 авг 20 14:54  bcomps
-rwxr-xr-x. 1 root root       15600 авг 20 14:54  acyclic
-rwxr-xr-x. 1 root root       24040 авг 21 20:17  exempi
-rwxr-xr-x. 1 root root       15552 авг 21 20:47  slencheck
-rwxr-xr-x. 1 root root       27960 авг 21 20:47  odbcinst
-rwxr-xr-x. 1 root root       15544 авг 21 20:47  odbc_config
-rwxr-xr-x. 1 root root       32104 авг 21 20:47  iusql
-rwxr-xr-x. 1 root root       40352 авг 21 20:47  isql
-rwxr-xr-x. 1 root root       15528 авг 21 20:47  dltest
lrwxrwxrwx. 1 root root           4 авг 23 16:37  reset -> tset
lrwxrwxrwx. 1 root root           3 авг 23 16:37  infotocap -> tic
lrwxrwxrwx. 1 root root           3 авг 23 16:37  captoinfo -> tic
-rwxr-xr-x. 1 root root       28056 авг 23 16:37  tset
-rwxr-xr-x. 1 root root       27992 авг 23 16:37  tput
-rwxr-xr-x. 1 root root       23840 авг 23 16:37  toe
-rwxr-xr-x. 1 root root       94120 авг 23 16:37  tic
-rwxr-xr-x. 1 root root       19712 авг 23 16:37  tabs
-rwxr-xr-x. 1 root root       65264 авг 23 16:37  infocmp
-rwxr-xr-x. 1 root root       15576 авг 23 16:37  clear
-rwxr-xr-x. 1 root root       27888 авг 23 20:30  mkpasswd
-rwxr-xr-x. 1 root root       14824 авг 26 19:31  gdk-pixbuf-query-loaders-32
-rwxr-xr-x. 1 root root       19664 авг 26 19:32  gdk-pixbuf-thumbnailer
-rwxr-xr-x. 1 root root       15592 авг 26 19:32  gdk-pixbuf-query-loaders-64
-rwxr-xr-x. 1 root root       15584 авг 26 19:32  gdk-pixbuf-pixdata
-rwxr-xr-x. 1 root root       15608 авг 26 19:32  gdk-pixbuf-csource
-rwxr-xr-x. 1 root root       19784 авг 26 20:40  ahost
-rwxr-xr-x. 1 root root       28016 авг 26 20:40  adig
-rwxr-xr-x. 1 root root       36200 авг 26 20:40  acountry
lrwxrwxrwx. 1 root root           5 авг 26 22:21  nmtui-hostname -> nmtui
lrwxrwxrwx. 1 root root           5 авг 26 22:21  nmtui-edit -> nmtui
lrwxrwxrwx. 1 root root           5 авг 26 22:21  nmtui-connect -> nmtui
-rwxr-xr-x. 1 root root      830336 авг 26 22:21  nmtui
-rwxr-xr-x. 1 root root       23992 авг 26 22:21  nm-online
-rwxr-xr-x. 1 root root     1047624 авг 26 22:21  nmcli
-rwxr-xr-x. 1 root root       23752 авг 27 16:11  orc-bugreport
-rwxr-xr-x. 1 root root       40848 авг 27 21:20  gtk-update-icon-cache
-rwxr-xr-x. 1 root root       23904 авг 27 21:20  gtk-query-immodules-3.0-64
-rwxr-xr-x. 1 root root       19824 авг 27 21:20  gtk-launch
-rwxr-xr-x. 1 root root      126680 авг 27 21:20  broadwayd
-rwxr-xr-x. 1 root root       27968 авг 28 21:53  ndptool
-rwxr-xr-x. 1 root root       11346 авг 29 14:21  mbim-network
-rwxr-xr-x. 1 root root      249272 авг 29 14:22  mbimcli
-rwxr-xr-x. 1 root root       16432 авг 29 14:25  qmi-network
-rwxr-xr-x. 1 root root      179248 авг 29 14:35  qmi-firmware-update
-rwxr-xr-x. 1 root root      618016 авг 29 14:35  qmicli
-rwxr-xr-x. 1 root root      284600 авг 29 15:31  mmcli
-rwxr-xr-x. 1 root root      540912 сен  2 20:13  engrampa
-rwxr-xr-x. 1 root root         673 сен  3 14:20  ps2ps2
-rwxr-xr-x. 1 root root         651 сен  3 14:20  ps2ps
-rwxr-xr-x. 1 root root        1082 сен  3 14:20  ps2pdfwr
-rwxr-xr-x. 1 root root         219 сен  3 14:20  ps2pdf14
-rwxr-xr-x. 1 root root         219 сен  3 14:20  ps2pdf13
-rwxr-xr-x. 1 root root         219 сен  3 14:20  ps2pdf12
-rwxr-xr-x. 1 root root         276 сен  3 14:20  ps2pdf
-rwxr-xr-x. 1 root root        2756 сен  3 14:20  ps2epsi
-rwxr-xr-x. 1 root root         635 сен  3 14:20  ps2ascii
-rwxr-xr-x. 1 root root         399 сен  3 14:20  printafm
-rwxr-xr-x. 1 root root         408 сен  3 14:20  pphs
-rwxr-xr-x. 1 root root         520 сен  3 14:20  pfbtopfa
-rwxr-xr-x. 1 root root         502 сен  3 14:20  pf2afm
-rwxr-xr-x. 1 root root         913 сен  3 14:20  pdf2ps
-rwxr-xr-x. 1 root root         701 сен  3 14:20  pdf2dsc
-rwxr-xr-x. 1 root root         281 сен  3 14:20  gsnd
-rwxr-xr-x. 1 root root         354 сен  3 14:20  gslp
-rwxr-xr-x. 1 root root         357 сен  3 14:20  gslj
-rwxr-xr-x. 1 root root         356 сен  3 14:20  gsdj500
-rwxr-xr-x. 1 root root         356 сен  3 14:20  gsdj
-rwxr-xr-x. 1 root root         354 сен  3 14:20  gsbj
-rwxr-xr-x. 1 root root         643 сен  3 14:20  eps2eps
lrwxrwxrwx. 1 root root          11 сен  3 14:20  ghostscript -> /usr/bin/gs
-rwxr-xr-x. 1 root root       15560 сен  3 14:20  gs
-rwxr-xr-x. 1 root root         829 сен  3 16:51  x86_64-redhat-linux-gnu-pkg-config
-rwxr-xr-x. 1 root root         335 сен  3 16:51  pkg-config
-rwxr-xr-x. 1 root root       46512 сен  3 16:51  pkgconf
-rwxr-xr-x. 1 root root       15560 сен  4 20:28  sclient
-rwxr-xr-x. 1 root root       23800 сен  4 20:28  kvno
-rwxr-xr-x. 1 root root       27984 сен  4 20:28  ktutil
-rwxr-xr-x. 1 root root       15544 сен  4 20:28  kswitch
-rwsr-xr-x. 1 root root       57024 сен  4 20:28  ksu
-rwxr-xr-x. 1 root root       15544 сен  4 20:28  kpasswd
-rwxr-xr-x. 1 root root       32048 сен  4 20:28  klist
-rwxr-xr-x. 1 root root       31968 сен  4 20:28  kinit
-rwxr-xr-x. 1 root root       15544 сен  4 20:28  kdestroy
-rwxr-xr-x. 1 root root       81672 сен  4 20:28  kadmin
-rwxr-xr-x. 1 root root        7733 сен  5 14:32  firefox
lrwxrwxrwx. 1 root root          52 сен  6 16:50  chromium-browser -> ../../usr/lib64/chromium-browser/chromium-browser.sh
lrwxrwxrwx. 1 root root           9 сен  9 13:42  python3 -> python3.8
-rwxr-xr-x. 1 root root          78 сен  9 13:42  pydoc3.8
lrwxrwxrwx. 1 root root           8 сен  9 13:42  pydoc3 -> pydoc3.8
lrwxrwxrwx. 1 root root           9 сен  9 13:42  python -> ./python3
-rwxr-xr-x. 1 root root       15528 сен  9 13:42  python3.8
-rwxr-xr-x. 1 root root      746088 сен 11 17:17  WebKitWebDriver
-rwxr-xr-x. 1 root root        4081 сен 12 21:16  thunderbird
-rwxr-xr-x. 1 root root       72168 сен 16 03:36  cpupower
-rwxr-xr-x. 1 root root       14488 сен 16 03:36  centrino-decode
-rwxr-xr-x. 1 root root       35840 сен 16 03:36  x86_energy_perf_policy
-rwxr-xr-x. 1 root root      120464 сен 16 03:36  turbostat
-rwxr-xr-x. 1 root root       40136 сен 16 03:36  tmon
-rwxr-xr-x. 1 root root       14496 сен 16 03:36  powernow-k8-decode
-rwxr-xr-x. 1 root root        1346 сен 19 15:27  remmina-file-wrapper
-rwxr-xr-x. 1 root root     1003088 сен 19 15:27  remmina
-rwxr-xr-x. 1 root root       37024 сен 20 19:57  marco-theme-viewer
-rwxr-xr-x. 1 root root       15576 сен 20 19:57  marco-message
-rwxr-xr-x. 1 root root       23840 сен 20 19:57  marco
-rwxr-xr-x. 1 root root      978096 сен 23 14:26  qemu-ga
-rwxr-xr-x. 1 root root      668224 сен 24 19:08  caja-file-management-properties
-rwxr-xr-x. 1 root root      664040 сен 24 19:08  caja-connect-server
-rwxr-xr-x. 1 root root       44440 сен 24 19:08  caja-autorun-software
-rwxr-xr-x. 1 root root     2116608 сен 24 19:08  caja
-rwxr-xr-x. 1 root root       12680 сен 24 19:37  ssh-copy-id
-rwxr-xr-x. 1 root root      193920 сен 24 19:37  ssh-keyscan
-rwxr-xr-x. 1 root root      465776 сен 24 19:37  ssh-keygen
-rwxr-xr-x. 1 root root      304104 сен 24 19:37  ssh-agent
-rwxr-xr-x. 1 root root      177064 сен 24 19:37  ssh-add
-rwxr-xr-x. 1 root root      859592 сен 24 19:37  ssh
-rwxr-xr-x. 1 root root      144352 сен 24 19:37  sftp
-rwxr-xr-x. 1 root root      136152 сен 24 19:37  scp
-rwxr-xr-x. 1 root root       28480 сен 25 16:24  watch
-rwxr-xr-x. 1 root root       23856 сен 25 16:24  w
-rwxr-xr-x. 1 root root       40288 сен 25 16:24  vmstat
-rwxr-xr-x. 1 root root       15600 сен 25 16:24  uptime
-rwxr-xr-x. 1 root root      135400 сен 25 16:24  top
-rwxr-xr-x. 1 root root       23824 сен 25 16:24  tload
-rwxr-xr-x. 1 root root       32088 сен 25 16:24  snice
-rwxr-xr-x. 1 root root       23944 сен 25 16:24  slabtop
-rwxr-xr-x. 1 root root       32088 сен 25 16:24  skill
-rwxr-xr-x. 1 root root       15592 сен 25 16:24  pwdx
-rwxr-xr-x. 1 root root      144496 сен 25 16:24  ps
-rwxr-xr-x. 1 root root       36184 сен 25 16:24  pmap
-rwxr-xr-x. 1 root root       32120 сен 25 16:24  pkill
-rwxr-xr-x. 1 root root       32120 сен 25 16:24  pidwait
-rwxr-xr-x. 1 root root       23816 сен 25 16:24  pidof
-rwxr-xr-x. 1 root root       32120 сен 25 16:24  pgrep
-rwxr-xr-x. 1 root root       27952 сен 25 16:24  free
lrwxrwxrwx. 1 root root           4 сен 27 13:06  rnano -> nano
-rwxr-xr-x. 1 root root      379360 сен 27 13:06  nano
-rwxr-xr-x. 1 root root       65432 окт  1 14:15  loginfo.sh
-rwxr-xr-x. 1 root root      190088 окт  7 13:50  strip
-rwxr-xr-x. 1 root root       32560 окт  7 13:50  strings
-rwxr-xr-x. 1 root root       32432 окт  7 13:50  size
-rwxr-xr-x. 1 root root      819336 окт  7 13:50  readelf
-rwxr-xr-x. 1 root root       57472 окт  7 13:50  ranlib
-rwxr-xr-x. 1 root root      444048 окт  7 13:50  objdump
-rwxr-xr-x. 1 root root      190088 окт  7 13:50  objcopy
-rwxr-xr-x. 1 root root       45904 окт  7 13:50  nm
-rwxr-xr-x. 1 root root     2140984 окт  7 13:50  ld.gold
-rwxr-xr-x. 1 root root     1209968 окт  7 13:50  ld.bfd
-rwxr-xr-x. 1 root root      103968 окт  7 13:50  gprof
-rwxr-xr-x. 1 root root       36856 окт  7 13:50  elfedit
-rwxr-xr-x. 1 root root      888824 окт  7 13:50  dwp
-rwxr-xr-x. 1 root root       27896 окт  7 13:50  c++filt
-rwxr-xr-x. 1 root root      920440 окт  7 13:50  as
-rwxr-xr-x. 1 root root       57464 окт  7 13:50  ar
-rwxr-xr-x. 1 root root       32560 окт  7 13:50  addr2line
-rwxr-xr-x. 1 root root       19944 окт  7 15:01  gsf-office-thumbnailer
-rwxr-xr-x. 1 root root          65 окт 11 19:56  pyuic5
-rwxr-xr-x. 1 root root          66 окт 11 19:56  pyrcc5
-rwxr-xr-x. 1 root root          70 окт 11 19:56  pylupdate5
-rwxr-xr-x. 1 root root        2158 окт 11 20:44  vimtutor
lrwxrwxrwx. 1 root root           3 окт 11 20:44  vimdiff -> vim
-rwxr-xr-x. 1 root root         150 окт 11 20:44  view
-rwxr-xr-x. 1 root root         691 окт 11 20:44  vi
lrwxrwxrwx. 1 root root           3 окт 11 20:44  rvim -> vim
lrwxrwxrwx. 1 root root          15 окт 11 20:44  rview -> /usr/libexec/vi
lrwxrwxrwx. 1 root root          15 окт 11 20:44  rvi -> /usr/libexec/vi
lrwxrwxrwx. 1 root root          15 окт 11 20:44  ex -> /usr/libexec/vi
-rwxr-xr-x. 1 root root       24032 окт 11 20:44  xxd
-rwxr-xr-x. 1 root root     4358984 окт 11 20:44  vim
-rwxr-xr-x. 1 root root       44952 окт 14 13:21  pdfunite
-rwxr-xr-x. 1 root root       53456 окт 14 13:21  pdftotext
-rwxr-xr-x. 1 root root       44952 окт 14 13:21  pdftops
-rwxr-xr-x. 1 root root       44960 окт 14 13:21  pdftoppm
-rwxr-xr-x. 1 root root      138752 окт 14 13:21  pdftohtml
-rwxr-xr-x. 1 root root      163504 окт 14 13:21  pdftocairo
-rwxr-xr-x. 1 root root       32632 окт 14 13:21  pdfsig
-rwxr-xr-x. 1 root root       24088 окт 14 13:21  pdfseparate
-rwxr-xr-x. 1 root root       62048 окт 14 13:21  pdfinfo
-rwxr-xr-x. 1 root root       50608 окт 14 13:21  pdfimages
-rwxr-xr-x. 1 root root       24328 окт 14 13:21  pdffonts
-rwxr-xr-x. 1 root root       28496 окт 14 13:21  pdfdetach
-rwxr-xr-x. 1 root root       24032 окт 14 13:21  pdfattach
-rwxr-xr-x. 2 root root       23960 окт 14 14:34  sdpscanner
-rwxr-xr-x. 2 root root       48360 окт 14 15:05  syncqt.pl
-rwxr-xr-x. 2 root root        6340 окт 14 15:05  fixqt4headers.pl
-rwxr-xr-x. 2 root root      311248 окт 14 15:21  qdbuscpp2xml-qt5
-rwxr-xr-x. 2 root root      971656 окт 14 15:21  moc-qt5
-rwxr-xr-x. 2 root root     3071248 окт 14 15:21  qmake-qt5
-rwxr-xr-x. 2 root root      590432 окт 14 15:21  uic-qt5
-rwxr-xr-x. 2 root root      623592 окт 14 15:21  tracegen
-rwxr-xr-x. 2 root root      879096 окт 14 15:21  rcc-qt5
-rwxr-xr-x. 2 root root       44952 окт 14 15:21  qvkgen
-rwxr-xr-x. 2 root root      141528 окт 14 15:21  qlalr
-rwxr-xr-x. 2 root root       82120 окт 14 15:21  qdbusxml2cpp-qt5
-rwxr-xr-x. 1 root root       63588 окт 14 17:34  join-to-domain.sh
lrwxrwxrwx. 1 root root          26 окт 14 17:34  JoinToDomain -> /usr/bin/join-to-domain.sh
-rwxr-xr-x. 1 root root       10613 окт 17 19:15  gnome-shell-perf-tool
-rwxr-xr-x. 1 root root        1706 окт 17 19:15  gnome-shell-extension-tool
-rwxr-xr-x. 1 root root       24208 окт 17 19:15  gnome-shell
-rwxr-xr-x. 1 root root       81960 окт 17 19:15  gnome-extensions
-rw-r--r--. 1 root root        1898 окт 18 19:31  fp.rsj
-rw-r--r--. 1 root root        7892 окт 18 19:31  rstconv.rsj
-rw-r--r--. 1 root root         784 окт 18 19:31  ptop.rsj
-rw-r--r--. 1 root root       12779 окт 18 19:31  pas2ut.rsj
-rw-r--r--. 1 root root        8981 окт 18 19:31  fpcmkcfg.rsj
-rw-r--r--. 1 root root        5582 окт 18 19:31  fpcsubst.rsj
-rw-r--r--. 1 root root        2237 окт 18 19:31  makeskel.rsj
-rw-r--r--. 1 root root        1770 окт 18 19:31  unitdiff.rsj
-rw-r--r--. 1 root root        2018 окт 18 19:31  fpclasschart.rsj
lrwxrwxrwx. 1 root root          25 окт 18 19:33  ppcx64 -> ../lib64/fpc/3.2.2/ppcx64
-rwxr-xr-x. 1 root root     1530216 окт 18 19:33  unitdiff
-rwxr-xr-x. 1 root root     1307848 окт 18 19:33  rstconv
-rwxr-xr-x. 1 root root      568136 окт 18 19:33  rmcvsdir
-rwxr-xr-x. 1 root root      987008 окт 18 19:33  ptop
-rwxr-xr-x. 1 root root      668488 окт 18 19:33  ppumove
-rwxr-xr-x. 1 root root      650744 окт 18 19:33  ppufiles
-rwxr-xr-x. 1 root root     1365536 окт 18 19:33  ppudump
-rwxr-xr-x. 1 root root      275288 окт 18 19:33  ppdep
-rwxr-xr-x. 1 root root     1343704 окт 18 19:33  pas2ut
-rwxr-xr-x. 1 root root     1347408 окт 18 19:33  pas2jni
-rwxr-xr-x. 1 root root     1335408 окт 18 19:33  pas2fpm
-rwxr-xr-x. 1 root root      234640 окт 18 19:33  mkx86ins
-rwxr-xr-x. 1 root root      305576 окт 18 19:33  mkinsadd
-rwxr-xr-x. 1 root root      231920 окт 18 19:33  mkarmins
-rwxr-xr-x. 1 root root      232056 окт 18 19:33  mka64ins
-rwxr-xr-x. 1 root root     1534872 окт 18 19:33  makeskel
-rwxr-xr-x. 1 root root     1210640 окт 18 19:33  json2pas
-rwxr-xr-x. 1 root root      971120 окт 18 19:33  instantfpc
-rwxr-xr-x. 1 root root      227848 окт 18 19:33  h2paspp
-rwxr-xr-x. 1 root root     1072528 окт 18 19:33  h2pas
-rwxr-xr-x. 1 root root      247880 окт 18 19:33  grab_vcsa
-rwxr-xr-x. 1 root root      959800 окт 18 19:33  fprcp
-rwxr-xr-x. 1 root root     2576184 окт 18 19:33  fppkg
-rwxr-xr-x. 1 root root     2744400 окт 18 19:33  fpdoc
-rwxr-xr-x. 1 root root      944528 окт 18 19:33  fpcsubst
-rwxr-xr-x. 1 root root     1284816 окт 18 19:33  fpcres
-rwxr-xr-x. 1 root root     1373104 окт 18 19:33  fpcmkcfg
-rwxr-xr-x. 1 root root     1098960 окт 18 19:33  fpcmake
-rwxr-xr-x. 1 root root     1552576 окт 18 19:33  fpclasschart
-rwxr-xr-x. 1 root root     1281320 окт 18 19:33  fpcjres
-rwxr-xr-x. 1 root root     6760000 окт 18 19:33  fp
-rwxr-xr-x. 1 root root     1817688 окт 18 19:33  cldrparser
-rwxr-xr-x. 1 root root     1818976 окт 18 19:33  chmls
-rwxr-xr-x. 1 root root     2058136 окт 18 19:33  chmcmd
-rwxr-xr-x. 1 root root     1034584 окт 18 19:33  bin2obj
-rwxr-xr-x. 1 root root     1118640 окт 18 19:33  webidl2pas
-rwxr-xr-x. 1 root root     1100120 окт 18 19:33  unihelper
-rwxr-xr-x. 1 root root      627040 окт 18 19:33  pyacc
-rwxr-xr-x. 1 root root      227792 окт 18 19:33  postw32
-rwxr-xr-x. 1 root root      607744 окт 18 19:33  plex
-rwxr-xr-x. 1 root root     3015608 окт 18 19:33  pas2js
-rwxr-xr-x. 1 root root      576752 окт 18 19:33  fpc
-rwxr-xr-x. 1 root root      595128 окт 18 19:33  fd2pascal
-rwxr-xr-x. 1 root root      578136 окт 18 19:33  delp
-rwxr-xr-x. 1 root root      232280 окт 18 19:33  data2inc
-rwxr-xr-x. 1 root root     3244144 окт 18 19:33  compileserver
lrwxrwxrwx. 1 root root          36 окт 18 20:36  updatepofiles -> ../lib64/lazarus/tools/updatepofiles
lrwxrwxrwx. 1 root root          29 окт 18 20:36  startlazarus -> ../lib64/lazarus/startlazarus
lrwxrwxrwx. 1 root root          31 окт 18 20:36  lrstolfm -> ../lib64/lazarus/tools/lrstolfm
lrwxrwxrwx. 1 root root          29 окт 18 20:36  lazres -> ../lib64/lazarus/tools/lazres
lrwxrwxrwx. 1 root root          25 окт 18 20:36  lazbuild -> ../lib64/lazarus/lazbuild
lrwxrwxrwx. 1 root root          24 окт 18 20:36  lazarus-ide -> ../lib64/lazarus/lazarus
lrwxrwxrwx. 1 root root          28 окт 18 21:07  doublecmd -> ../lib64/doublecmd/doublecmd
-rwxr-xr-x. 1 root root        3685 окт 25 16:17  update-ca-trust
-rwxr-xr-x. 1 root root        1648 окт 25 16:17  ca-legacy
lrwxrwxrwx. 1 root root           9 окт 25 16:22  python2 -> python2.7
-rwxr-xr-x. 1 root root          78 окт 25 16:22  pydoc2.7
lrwxrwxrwx. 1 root root          10 окт 25 16:22  pydoc2 -> ./pydoc2.7
-rwxr-xr-x. 1 root root       15528 окт 25 16:22  python2.7
-rwxr-xr-x. 1 root root        4378 окт 28 16:26  install-catalog
-rwxr-xr-x. 1 root root        2378 окт 29 20:47  macro-expander
-rwxr-xr-x. 1 root root         729 окт 30 20:03  renew-dummy-cert
-rwxr-xr-x. 1 root root         614 окт 30 20:03  make-dummy-cert
-rwxr-xr-x. 1 root root      778504 окт 30 20:03  openssl
-rwxr-xr-x. 1 root root         277 окт 30 20:27  Xorg
lrwxrwxrwx. 1 root root           4 окт 30 20:28  X -> Xorg
-rwxr-xr-x. 1 root root       19720 окт 30 20:28  gtf
-rwxr-xr-x. 1 root root       19800 окт 30 20:28  cvt
-rwxr-xr-x. 1 root root     1612576 ноя  5 19:12  sqlite3
-rwxr-xr-x. 1 root root        6366 ноя  6 21:47  policyeditor.itweb.sh
-rwxr-xr-x. 1 root root        6332 ноя  6 21:47  javaws.itweb.sh
-rwxr-xr-x. 1 root root        6360 ноя  6 21:47  itweb-settings.itweb.sh
-rwxr-xr-x. 1 root root      658320 ноя  6 21:47  policyeditor.itweb
-rwxr-xr-x. 1 root root      658320 ноя  6 21:47  javaws.itweb
-rwxr-xr-x. 1 root root      658320 ноя  6 21:47  itweb-settings.itweb
-rwxr-xr-x. 1 root root         375 ноя 12 16:32  unopkg
lrwxrwxrwx. 1 root root          38 ноя 12 16:32  soffice -> /usr/lib64/libreoffice/program/soffice
lrwxrwxrwx. 1 root root          11 ноя 12 16:32  openoffice.org -> libreoffice
-rwxr-xr-x. 1 root root          47 ноя 12 16:32  oowriter
-rwxr-xr-x. 1 root root          45 ноя 12 16:32  ooviewdoc
-rwxr-xr-x. 1 root root          45 ноя 12 16:32  oomath
-rwxr-xr-x. 1 root root          48 ноя 12 16:32  ooimpress
-rwxr-xr-x. 1 root root          38 ноя 12 16:32  ooffice
-rwxr-xr-x. 1 root root          45 ноя 12 16:32  oodraw
-rwxr-xr-x. 1 root root          45 ноя 12 16:32  oocalc
-rwxr-xr-x. 1 root root         377 ноя 12 16:32  libreoffice
-rwxr-xr-x. 1 root root        6397 ноя 12 19:18  VBox
lrwxrwxrwx. 1 root root           4 ноя 12 19:23  VirtualBoxVM -> VBox
lrwxrwxrwx. 1 root root           4 ноя 12 19:23  virtualboxvm -> VBox
lrwxrwxrwx. 1 root root           4 ноя 12 19:23  VirtualBox -> VBox
lrwxrwxrwx. 1 root root           4 ноя 12 19:23  virtualbox -> VBox
lrwxrwxrwx. 1 root root           4 ноя 12 19:23  VBoxVRDP -> VBox
lrwxrwxrwx. 1 root root           4 ноя 12 19:23  VBoxSDL -> VBox
lrwxrwxrwx. 1 root root           4 ноя 12 19:23  vboxsdl -> VBox
lrwxrwxrwx. 1 root root           4 ноя 12 19:23  VBoxManage -> VBox
lrwxrwxrwx. 1 root root           4 ноя 12 19:23  vboxmanage -> VBox
lrwxrwxrwx. 1 root root          40 ноя 12 19:23  vboximg-mount -> ../../usr/lib64/virtualbox/vboximg-mount
lrwxrwxrwx. 1 root root          35 ноя 12 19:23  vbox-img -> ../../usr/lib64/virtualbox/vbox-img
lrwxrwxrwx. 1 root root           4 ноя 12 19:23  VBoxHeadless -> VBox
lrwxrwxrwx. 1 root root           4 ноя 12 19:23  vboxheadless -> VBox
lrwxrwxrwx. 1 root root           4 ноя 12 19:23  VBoxDTrace -> VBox
lrwxrwxrwx. 1 root root           4 ноя 12 19:23  vboxdtrace -> VBox
lrwxrwxrwx. 1 root root          50 ноя 12 19:23  VBoxClient-all -> ../../etc/X11/xinit/xinitrc.d/98vboxadd-xclient.sh
lrwxrwxrwx. 1 root root           4 ноя 12 19:23  VBoxBugReport -> VBox
lrwxrwxrwx. 1 root root           4 ноя 12 19:23  vboxbugreport -> VBox
lrwxrwxrwx. 1 root root           4 ноя 12 19:23  VBoxBalloonCtrl -> VBox
lrwxrwxrwx. 1 root root           4 ноя 12 19:23  vboxballoonctrl -> VBox
lrwxrwxrwx. 1 root root           4 ноя 12 19:23  VBoxAutostart -> VBox
lrwxrwxrwx. 1 root root           4 ноя 12 19:23  vboxautostart -> VBox
-rwxr-xr-x. 1 root root      386816 ноя 12 19:24  VBoxDRMClient
-rwxr-xr-x. 1 root root      672584 ноя 12 19:24  VBoxControl
-rwxr-xr-x. 1 root root      662768 ноя 12 19:24  VBoxClient
-rwxr-xr-x. 1 root root         986 ноя 13 21:29  redoswelcome
-rwxr-xr-x. 1 root root      279944 ноя 14 21:21  curl
-rwxr-xr-x. 1 root root       15608 ноя 19 22:07  lsattr
-rwxr-xr-x. 1 root root       74488 ноя 19 22:07  fuse2fs
-rwxr-xr-x. 1 root root       15616 ноя 19 22:07  chattr
-rwxr-xr-x. 1 root root       19090 ноя 25 16:04  gtester-report
-rwxr-xr-x. 1 root root       29792 ноя 25 16:04  glib-mkenums
-rwxr-xr-x. 1 root root       40977 ноя 25 16:04  glib-genmarshal
-rwxr-xr-x. 1 root root        2038 ноя 25 16:04  gdbus-codegen
-rwxr-xr-x. 1 root root        5390 ноя 25 16:04  glib-gettextize
-rwxr-xr-x. 1 root root       32104 ноя 25 16:08  gtester
-rwxr-xr-x. 1 root root       32192 ноя 25 16:08  gsettings
-rwxr-xr-x. 1 root root       23912 ноя 25 16:08  gresource
-rwxr-xr-x. 1 root root       15584 ноя 25 16:08  gobject-query
-rwxr-xr-x. 1 root root       52760 ноя 25 16:08  glib-compile-schemas
-rwxr-xr-x. 1 root root       44456 ноя 25 16:08  glib-compile-resources
-rwxr-xr-x. 1 root root       15560 ноя 25 16:08  gio-querymodules-64
-rwxr-xr-x. 1 root root       89960 ноя 25 16:08  gio
-rwxr-xr-x. 1 root root       52792 ноя 25 16:08  gdbus
-rwxr-xr-x. 1 root root       23832 ноя 25 16:08  gapplication
-rwxr-xr-x. 1 root root       14788 ноя 25 16:09  gio-querymodules-32
-rwxr-xr-x. 1 root root         987 ноя 26 15:29  ipa
-rwxr-xr-x. 1 root root       15854 ноя 29 14:44  share-directory-fm-service.py
-rwxr-xr-x. 1 root root        1973 ноя 29 16:21  pcre2-config
lrwxrwxrwx. 1 root root          17 дек  3 20:00  gimp-console -> gimp-console-2.10
lrwxrwxrwx. 1 root root           9 дек  3 20:00  gimp -> gimp-2.10
-rwxr-xr-x. 1 root root       19744 дек  3 20:00  gimp-test-clipboard-2.0
-rwxr-xr-x. 1 root root     3821680 дек  3 20:00  gimp-console-2.10
-rwxr-xr-x. 1 root root    10037992 дек  3 20:00  gimp-2.10
-rwxr-xr-x. 1 root root       40656 дек  4 13:42  xmlwf
lrwxrwxrwx. 1 root root          34 дек 11 18:37  yandex-browser-stable -> /opt/yandex/browser/yandex-browser
-rwxr-xr-x. 1 root root         992 дек 17 12:41  share-directory
-rwxr-xr-x. 1 root root          67 дек 20 10:18  subl
lrwxrwxrwx. 1 root root          20 дек 23 09:41  ld -> /etc/alternatives/ld
lrwxrwxrwx. 1 root root          31 дек 23 09:48  javaws -> /etc/alternatives/javaws.x86_64
lrwxrwxrwx. 1 root root          26 дек 23 09:51  alt-java -> /etc/alternatives/alt-java
lrwxrwxrwx. 1 root root          23 дек 23 09:52  javac -> /etc/alternatives/javac
lrwxrwxrwx. 1 root root          22 дек 23 09:52  jmod -> /etc/alternatives/jmod
lrwxrwxrwx. 1 root root          23 дек 23 09:52  jlink -> /etc/alternatives/jlink
lrwxrwxrwx. 1 root root          23 дек 23 09:52  jhsdb -> /etc/alternatives/jhsdb
lrwxrwxrwx. 1 root root          25 дек 23 09:52  javadoc -> /etc/alternatives/javadoc
lrwxrwxrwx. 1 root root          27 дек 23 09:52  jarsigner -> /etc/alternatives/jarsigner
lrwxrwxrwx. 1 root root          21 дек 23 09:52  jar -> /etc/alternatives/jar
lrwxrwxrwx. 1 root root          24 дек 23 09:52  jimage -> /etc/alternatives/jimage
lrwxrwxrwx. 1 root root          21 дек 23 09:52  jfr -> /etc/alternatives/jfr
lrwxrwxrwx. 1 root root          23 дек 23 09:52  jdeps -> /etc/alternatives/jdeps
lrwxrwxrwx. 1 root root          27 дек 23 09:52  jdeprscan -> /etc/alternatives/jdeprscan
lrwxrwxrwx. 1 root root          21 дек 23 09:52  jdb -> /etc/alternatives/jdb
lrwxrwxrwx. 1 root root          26 дек 23 09:52  jconsole -> /etc/alternatives/jconsole
lrwxrwxrwx. 1 root root          23 дек 23 09:52  javap -> /etc/alternatives/javap
lrwxrwxrwx. 1 root root          27 дек 23 09:52  serialver -> /etc/alternatives/serialver
lrwxrwxrwx. 1 root root          24 дек 23 09:52  jstatd -> /etc/alternatives/jstatd
lrwxrwxrwx. 1 root root          23 дек 23 09:52  jstat -> /etc/alternatives/jstat
lrwxrwxrwx. 1 root root          24 дек 23 09:52  jstack -> /etc/alternatives/jstack
lrwxrwxrwx. 1 root root          24 дек 23 09:52  jshell -> /etc/alternatives/jshell
lrwxrwxrwx. 1 root root          28 дек 23 09:52  jrunscript -> /etc/alternatives/jrunscript
lrwxrwxrwx. 1 root root          21 дек 23 09:52  jps -> /etc/alternatives/jps
lrwxrwxrwx. 1 root root          26 дек 23 09:52  jpackage -> /etc/alternatives/jpackage
lrwxrwxrwx. 1 root root          22 дек 23 09:52  jmap -> /etc/alternatives/jmap
lrwxrwxrwx. 1 root root          23 дек 23 09:52  jinfo -> /etc/alternatives/jinfo

[311u12@311U12 bin]$ file openoffice.org
openoffice.org: symbolic link to libreoffice

root:x:0:0:root:/root:/bin/bash
bin:x:1:1:bin:/bin:/sbin/nologin
daemon:x:2:2:daemon:/sbin:/sbin/nologin
adm:x:3:4:adm:/var/adm:/sbin/nologin
lp:x:4:7:lp:/var/spool/lpd:/sbin/nologin
sync:x:5:0:sync:/sbin:/bin/sync
shutdown:x:6:0:shutdown:/sbin:/sbin/shutdown
halt:x:7:0:halt:/sbin:/sbin/halt
mail:x:8:12:mail:/var/spool/mail:/sbin/nologin
operator:x:11:0:operator:/root:/sbin/nologin
games:x:12:100:games:/usr/games:/sbin/nologin
ftp:x:14:50:FTP User:/var/ftp:/sbin/nologin
nobody:x:99:99:Kernel Overflow User:/var/lib/nobody:/sbin/nologin
unbound:x:999:998:Unbound DNS resolver:/etc/unbound:/sbin/nologin
systemd-coredump:x:998:995:systemd Core Dumper:/:/sbin/nologin
systemd-resolve:x:193:193:systemd Resolver:/:/sbin/nologin
systemd-timesync:x:997:994:systemd Time Synchronization:/:/sbin/nologin
dbus:x:81:81:System message bus:/:/sbin/nologin
polkitd:x:996:993:User for polkitd:/var/lib/polkitd:/sbin/nologin
avahi:x:70:70:Avahi mDNS/DNS-SD Stack:/var/run/avahi-daemon:/sbin/nologin
colord:x:995:991:User for colord:/var/lib/colord:/sbin/nologin
chrony:x:994:990::/var/lib/chrony:/sbin/nologin
geoclue:x:993:989:User for geoclue:/var/lib/geoclue:/sbin/nologin
:

Глава 4. Операции с файлами и каталогами
[311u12@311U12 bin]$ mkdir dir1
mkdir: невозможно создать каталог «dir1»: Permission denied

[311u12@311U12 bin]$ mkdir dir1 dir2 dir3
mkdir: невозможно создать каталог «dir1»: Permission denied
mkdir: невозможно создать каталог «dir2»: Permission denied
mkdir: невозможно создать каталог «dir3»: Permission denied

[311u12@311U12 usr]$ cd
[311u12@311U12 ~]$ mkdir playground
[311u12@311U12 ~]$  cd playground
[311u12@311U12 playground]$ mkdir dir1 dir2
[311u12@311U12 playground]$ cp /etc/passwd .

311u12@311U12 playground]$ ls -l
итого 12
drwxr-xr-x. 2 311u12 пользователи домена 4096 янв 30 10:24 dir1
drwxr-xr-x. 2 311u12 пользователи домена 4096 янв 30 10:24 dir2
-rw-r--r--. 1 311u12 пользователи домена 2460 янв 30 10:25 passwd

извинте но я повешаюсь если начну еще писать комментарии

[311u12@311U12 playground]$ cp -v /etc/passwd .
'/etc/passwd' -> './passwd'

[311u12@311U12 playground]$ cp -i /etc/passwd .
cp: переписать './passwd'? y

[311u12@311U12 playground]$ mv passwd fun
[311u12@311U12 playground]$ mv fun dir1
[311u12@311U12 playground]$  mv dir1/fun dir2
[311u12@311U12 playground]$ mv dir2/fun .
[311u12@311U12 playground]$ mv fun dir1
[311u12@311U12 playground]$ mv dir1 dir2
[311u12@311U12 playground]$ ls -l dir2
итого 4
drwxr-xr-x. 2 311u12 пользователи домена 4096 янв 30 10:30 dir1

[311u12@311U12 playground]$ ls -l dir2/dir1
итого 4
-rw-r--r--. 1 311u12 пользователи домена 2460 янв 30 10:28 

[311u12@311U12 playground]$ mv dir2/dir1 .
[311u12@311U12 playground]$ mv dir1/fun .

[311u12@311U12 playground]$ ln fun fun-hard
[311u12@311U12 playground]$ ln fun dir1/fun-hard
[311u12@311U12 playground]$ ln fun dir2/fun-har
[311u12@311U12 playground]$ ls -l
итого 16
drwxr-xr-x. 2 311u12 пользователи домена 4096 янв 30 10:45 dir1
drwxr-xr-x. 2 311u12 пользователи домена 4096 янв 30 10:45 dir2
-rw-r--r--. 4 311u12 пользователи домена 2460 янв 30 10:28 fun
-rw-r--r--. 4 311u12 пользователи домена 2460 янв 30 10:28 fun-hard

[311u12@311U12 playground]$ ls -li
итого 16
4456499 drwxr-xr-x. 2 311u12 пользователи домена 4096 янв 30 10:45 dir1
4456500 drwxr-xr-x. 2 311u12 пользователи домена 4096 янв 30 10:45 dir2
4456501 -rw-r--r--. 4 311u12 пользователи домена 2460 янв 30 10:28 fun
4456501 -rw-r--r--. 4 311u12 пользователи домена 2460 янв 30 10:28 fun-hard

[311u12@311U12 playground]$ ln -s fun fun-sym
[311u12@311U12 playground]$ ln -s ../fun dir1/fun-sym
[311u12@311U12 playground]$ ln -s ../fun dir2/fun-sym
[311u12@311U12 playground]$ ls -l dir1
итого 4
-rw-r--r--. 4 311u12 пользователи домена 2460 янв 30 10:28 fun-hard
lrwxrwxrwx. 1 311u12 пользователи домена    6 янв 30 10:47 fun-sym -> ../fun
[311u12@311U12 playground]$ ln -s dir1 dir1-sym
[311u12@311U12 playground]$ ls -l
итого 16
drwxr-xr-x. 2 311u12 пользователи домена 4096 янв 30 10:47 dir1
lrwxrwxrwx. 1 311u12 пользователи домена    4 янв 30 10:48 dir1-sym -> dir1
drwxr-xr-x. 2 311u12 пользователи домена 4096 янв 30 10:47 dir2
-rw-r--r--. 4 311u12 пользователи домена 2460 янв 30 10:28 fun
-rw-r--r--. 4 311u12 пользователи домена 2460 янв 30 10:28 fun-hard
lrwxrwxrwx. 1 311u12 пользователи домена    3 янв 30 10:47 fun-sym -> fun
[311u12@311U12 playground]$ 

[311u12@311U12 playground]$ rm fun-hard
[311u12@311U12 playground]$ ls -l
итого 12
drwxr-xr-x. 2 311u12 пользователи домена 4096 янв 30 10:47 dir1
lrwxrwxrwx. 1 311u12 пользователи домена    4 янв 30 10:48 dir1-sym -> dir1
drwxr-xr-x. 2 311u12 пользователи домена 4096 янв 30 10:47 dir2
-rw-r--r--. 3 311u12 пользователи домена 2460 янв 30 10:28 fun
lrwxrwxrwx. 1 311u12 пользователи домена    3 янв 30 10:47 fun-sym -> fun

[311u12@311U12 playground]$ rm -i fun
rm: удалить обычный файл 'fun'? 

[311u12@311U12 playground]$  ls -l
итого 12
drwxr-xr-x. 2 311u12 пользователи домена 4096 янв 30 10:47 dir1
lrwxrwxrwx. 1 311u12 пользователи домена    4 янв 30 10:48 dir1-sym -> dir1
drwxr-xr-x. 2 311u12 пользователи домена 4096 янв 30 10:47 dir2
-rw-r--r--. 3 311u12 пользователи домена 2460 янв 30 10:28 fun
lrwxrwxrwx. 1 311u12 пользователи домена    3 янв 30 10:47 fun-sym -> fun

[311u12@311U12 playground]$ less fun-sym
chrony:x:994:990::/var/lib/chrony:/sbin/nologin
geoclue:x:993:989:User for geoclue:/var/lib/geoclue:/sbin/nologin

[311u12@311U12 playground]$ rm fun-sym dir1-sym
[311u12@311U12 playground]$  ls -l
итого 12
drwxr-xr-x. 2 311u12 пользователи домена 4096 янв 30 10:47 dir1
drwxr-xr-x. 2 311u12 пользователи домена 4096 янв 30 10:47 dir2
-rw-r--r--. 3 311u12 пользователи домена 2460 янв 30 10:28 fun

[311u12@311U12 playground]$ cd
[311u12@311U12 ~]$  rm -r playground
[311u12@311U12 ~]$ 

Глава 5. Работа с командами
[311u12@311U12 ~]$ type type
type — это встроенная команда bash
[311u12@311U12 ~]$ type ls
ls — это псевдонимом для «ls --color=

	[311u12@311U12 ~]$  type cp
для cp вычислен хэш (/usr/bin/cp)

	[311u12@311U12 ~]$ which ls
	alias ls='ls --color=auto'
	/usr/bin/ls

	[311u12@311U12 ~]$ which cd
	/usr/bin/cd

	[311u12@311U12 ~]$ help cd
	cd: cd [-L|[-P [-e]] [-@]] [каталог]
	Change the shell working directory.

	Change the current directory to DIR.  The default DIR is the value of the
	HOME shell variable. If DIR is "-", it is converted to $OLDPWD.

	The variable CDPATH defines the search path for the directory containing
	DIR.  Alternative directory names in CDPATH are separated by a colon (:).
	A null directory name is the same as the current directory.  If DIR begins
	with a slash (/), then CDPATH is not used.

	If the directory is not found, and the shell option `cdable_vars' is set,
	the word is assumed to be  a variable name.  If that variable has a value,
	its value is used for DIR.

	Options:
	-L	force symbolic links to be followed: resolve symbolic
	links in DIR after processing instances of `..'
	-P	use the physical directory structure without following
	symbolic links: resolve symbolic links in DIR before
	processing instances of `..'
	-e	if the -P option is supplied, and the current working
	directory cannot be determined successfully, exit with
	a non-zero status
	-@	on systems that support it, present a file with extended
	attributes as a directory containing the file attributes

	The default is to follow symbolic links, as if `-L' were specified.
	`..' is processed by removing the immediately previous pathname component
	back to a slash or the beginning of DIR.

	Exit Status:
	Returns 0 if the directory is changed, and if $PWD is set successfully when
	-P is used; non-zero otherwise.

	[311u12@311U12 ~]$ mkdir --help
	Использование: mkdir [ПАРАМЕТР]… КАТАЛОГ…
	Создаёт КАТАЛОГ(и), если он ещё не существует.

	Аргументы, обязательные для длинных параметров, обязательны и для коротких.
	-m, --mode=РЕЖИМ   установить права доступа к файлу (как в chmod),
	а не a=rwx - umask
	-p, --parents      не выдавать ошибку, если существует; создавать
	родительские каталоги при необходимости
	-v, --verbose      печатать сообщение о каждом созданном каталоге
	-Z                 установить контекст безопасности SELinux
	каждого создаваемого каталога равным типу по умолчанию
	--context[=CTX]  подобно -Z, или если указан CTX, то установить
	контекст безопасности SELinux
	или SMACK равным CTX
	--help     показать эту справку и выйти
	--version  показать информацию о версии и выйти


	Страница справки по GNU coreutils: <https://www.gnu.org/software/coreutils/>
	Об ошибках в переводе сообщений сообщайте по адресу <https://translationproject.org/team/ru.html>
	Полная документация: <https://www.gnu.org/software/coreutils/mkdir>
	или доступная локально: info '(coreutils) mkdir invocation'

	[311u12@311U12 ~]$  man ls

LS(1)                           User Commands                           LS(1)

	NAME
	ls - list directory contents

	SYNOPSIS
	ls [OPTION]... [FILE]...

	DESCRIPTION
	List  information  about the FILEs (the current directory by default).
	Sort entries alphabetically if none of -cftuvSUX nor --sort is  speci‐
	fied.

	Mandatory  arguments  to  long options are mandatory for short options
	too.

	-a, --all
	do not ignore entries starting with .

	-A, --almost-all
	do not list implied . and ..

	--author

	[311u12@311U12 ~]$ man 5 passwd
	NOTES
	If  you  want  to  create  user  groups,  there  must  be  an entry in
	/etc/group, or no group will exist.

	If the encrypted password is set to an asterisk (*), the user will  be
	unable  to  login using login(1), but may still login using rlogin(1),
	run existing processes and initiate new ones through rsh(1),  cron(8),
	at(1),  or  mail  filters,  etc.   Trying to lock an account by simply
	changing the shell field  yields  the  same  result  and  additionally
	allows the use of su(1).

	SEE ALSO
chfn(1),  chsh(1),  login(1), passwd(1), su(1), crypt(3), getpwent(3),
	getpwnam(3), group(5), shadow(5), vipw(8)

	COLOPHON
	This page is part of release 4.16 of the Linux man-pages  project.   A
	description  of the project, information about reporting bugs, and the
	latest    version    of    this    page,    can    be     found     at
	https://www.kernel.org/doc/man-pages/.

	Linux                             2018-04-30                        PASSWD(

			[311u12@311U12 ~]$ apropos partition
			partition: ничего подходящего не найдено

			[311u12@311U12 ~]$ whatis ls
			ls: ничего подходящего не найдено.

			[311u12@311U12 ~]$ info coreutils

			Next: Disambiguating names and IDs,  Prev: Floating point,  Up: Common \
			options

			2.5 Signal specifications
			=========================

			A SIGNAL may be a signal name like ‘HUP’, or a signal number like ‘1’,
			or an exit status of a process terminated by the signal.  A signal name
			can be given in canonical form or prefixed by ‘SIG’.  The case of the
			letters is ignored.  The following signal names and numbers are
			supported on all POSIX compliant systems:

	‘HUP’
	1.  Hangup.
	‘INT’
	2.  Terminal interrupt.
	‘QUIT’
	3.  Terminal quit.
	‘ABRT’

	[311u12@311U12 ~]$ cd /usr; ls; cd -
	bin    i686-w64-mingw32  lib    libexec  sbin   src  x86_64-w64-mingw32
	games  include           lib64  local    share  tmp
	/home/311u12@nkti.local

	[311u12@311U12 ~]$  type test
	test — это встроенная команда bas

	[311u12@311U12 ~]$ type foo — это псевдонимом для «cd /usr; ls; cd -»

	[311u12@311U12 ~]$ unalias foo
	[311u12@311U12 ~]$ type foo
	bash: type: foo: не найден

	[311u12@311U12 ~]$ type ls
	ls — это псевдонимом для «ls --color=auto
	[311u12@311U12 ~]$ alias
	alias cls='clear'
	alias diskspace='df -h'
	alias egrep='egrep --color=auto'
	alias fgrep='fgrep --color=auto'
	alias grep='grep --color=auto'
	alias l.='ls -d .* --color=auto'
	alias ll='ls -l --color=auto'
	alias ls='ls --color=auto'
	alias mc='. /usr/libexec/mc/mc-wrapper.sh'
	alias mingw32-env='eval `rpm --eval %{mingw32_env}`'
	alias mingw64-env='eval `rpm --eval %{mingw64_env}`'
	alias which='(alias; declare -f) | /usr/bin/which --tty-only --read-alias --read-functions --show-tilde --show-dot'
	alias zegrep='zegrep --color=auto'
	alias zfgrep='zfgrep --color=auto'
	alias zgrep='zgrep --color=auto'

	Глава 6. Перенаправление

	[311u12@311U12 ~]$ ls -l /bin/usr 2> ls-error.txt
	[311u12@311U12 ~]$  ls -l /bin/usr > ls-output.txt 2>&1
	[311u12@311U12 ~]$ ls -l /bin/usr &> ls-output.txt
	[311u12@311U12 ~]$ ls -l /bin/usr &>> ls-output.txt

	[311u12@311U12 ~]$ ls -l /bin/usr 2> /dev/nul
	bash: /dev/nul: Permission denie

	[311u12@311U12 ~]$ cat
	Съешь ещё этих мягких французских булок, да выпей чаю.
	Съешь ещё этих мягких французских булок, да выпей чаю.
	итого 557520
	[311u12@311U12 ~]$ ls -l /usr/bin | less

	-rwxr-xr-x. 1 root root       52920 янв 25  2024 [
		lrwxrwxrwx. 1 root root          12 июл  5  2024 7z -> /usr/bin/7zz
		lrwxrwxrwx. 1 root root          11 июл  5  2024 7za -> /usr/bin/7z
		lrwxrwxrwx. 1 root root          11 июл  5  2024 7zr -> /usr/bin/7z
		-rwxr-xr-x. 1 root root     2571776 июл  5  2024 7zz
		-rwxr-xr-x. 1 root root       33456 авг 11  2020 a52dec
		-rwxr-xr-x. 1 root root       29456 окт 29  2020 ac
		-rwxr-xr-x. 2 root root       36020 июл 24  2024 aclocal
		-rwxr-xr-x. 2 root root       36020 июл 24  2024 aclocal-1.16
		-rwxr-xr-x. 1 root root       23544 июн  3  2022 aconnect
		-rwxr-xr-x. 1 root root       36200 авг 26 20:40 acountry
		-rwxr-xr-x. 1 root root       15600 авг 20 14:54 acyclic
		-rwxr-xr-x. 1 root root       32560 окт  7 13:50 addr2line
		-rwxr-xr-x. 1 root root       28016 авг 26 20:40 adig
		-rwxr-xr-x. 1 root root       19784 авг 26 20:40 ahost
		-rwxr-xr-x. 1 root root      172656 янв 25  2022 airscan-discover
		-rwxr-xr-x. 1 root root       24416 окт 21  2020 alac
		-rwxr-xr-x. 1 root root          33 мая 24  2024 alias
		-rwxr-xr-x. 1 root root       82768 июн  3  2022 alsaloop
		-rwxr-xr-x. 1 root root       79784 июн  3  2022 alsamixer
		-rwxr-xr-x. 1 root root       32024 июн  3  2022 alsaucm
		-rwxr-xr-x. 1 root root         123 июн  1  2022 alsaunmute
		lrwxrwxrwx. 1 root root          26 дек 23 09:51 alt-java -> /etc/alternatives/alt-java
		-rwxr-xr-x. 1 root root       27728 июн  3  2022 amidi
		-rwxr-xr-x. 1 root root       61224 июн  3  2022 amixer
		-rwxr-xr-x. 1 root root        2668 окт 26  2020 amuFormat.sh
		-rwxr-xr-x. 1 root root        2744 окт 27  2020 anaconda-cleanup
		-rwxr-xr-x. 1 root root         106 окт 27  2020 anaconda-disable-nm-ibf:

		oot        2744 окт 27  2020 anaconda-cleanup
		-rwxr-xr-x. 1 root ro
